Component: ARM Compiler 6.10.1 Tool: armlink [5d142800]

==============================================================================

Section Cross References

    main.o(.text.main) refers to noretval__2printf.o(.text) for __2printf
    main.o(.ARM.exidx.text.main) refers to main.o(.text.main) for [Anonymous Symbol]
    arm_startup_nrf5340_application.o(STACK) refers (Special) to heapauxi.o(.text) for __use_two_region_memory
    arm_startup_nrf5340_application.o(HEAP) refers (Special) to heapauxi.o(.text) for __use_two_region_memory
    arm_startup_nrf5340_application.o(RESET) refers (Special) to heapauxi.o(.text) for __use_two_region_memory
    arm_startup_nrf5340_application.o(RESET) refers to arm_startup_nrf5340_application.o(STACK) for __initial_sp
    arm_startup_nrf5340_application.o(RESET) refers to arm_startup_nrf5340_application.o(.text) for Reset_Handler
    arm_startup_nrf5340_application.o(.text) refers (Special) to heapauxi.o(.text) for __use_two_region_memory
    arm_startup_nrf5340_application.o(.text) refers to system_nrf5340_application.o(.text.SystemInit) for SystemInit
    arm_startup_nrf5340_application.o(.text) refers to __main.o(!!!main) for __main
    arm_startup_nrf5340_application.o(.text) refers to arm_startup_nrf5340_application.o(HEAP) for Heap_Mem
    arm_startup_nrf5340_application.o(.text) refers to arm_startup_nrf5340_application.o(STACK) for Stack_Mem
    system_nrf5340_application.o(.text.SystemCoreClockUpdate) refers to system_nrf5340_application.o(.data.SystemCoreClock) for SystemCoreClock
    system_nrf5340_application.o(.ARM.exidx.text.SystemCoreClockUpdate) refers to system_nrf5340_application.o(.text.SystemCoreClockUpdate) for [Anonymous Symbol]
    system_nrf5340_application.o(.text.SystemInit) refers to system_nrf5340_application.o(.text.SystemStoreFICRNS) for SystemStoreFICRNS
    system_nrf5340_application.o(.text.SystemInit) refers to system_nrf5340_application.o(.data.SystemCoreClock) for SystemCoreClock
    system_nrf5340_application.o(.ARM.exidx.text.SystemInit) refers to system_nrf5340_application.o(.text.SystemInit) for [Anonymous Symbol]
    system_nrf5340_application.o(.ARM.exidx.text.SystemStoreFICRNS) refers to system_nrf5340_application.o(.text.SystemStoreFICRNS) for [Anonymous Symbol]
    system_nrf5340_application.o(.ARM.exidx.text.SystemLockFICRNS) refers to system_nrf5340_application.o(.text.SystemLockFICRNS) for [Anonymous Symbol]
    __2printf.o(.text) refers to _printf_char_file.o(.text) for _printf_char_file
    __2printf.o(.text) refers to stdio_streams.o(.bss) for __stdout
    noretval__2printf.o(.text) refers to _printf_char_file.o(.text) for _printf_char_file
    noretval__2printf.o(.text) refers to stdio_streams.o(.bss) for __stdout
    __main.o(!!!main) refers to __rtentry.o(.ARM.Collect$$rtentry$$00000000) for __rt_entry
    __rtentry.o(.ARM.Collect$$rtentry$$00000000) refers (Special) to __rtentry2.o(.ARM.Collect$$rtentry$$0000000A) for __rt_entry_li
    __rtentry.o(.ARM.Collect$$rtentry$$00000000) refers (Special) to __rtentry2.o(.ARM.Collect$$rtentry$$0000000D) for __rt_entry_main
    __rtentry.o(.ARM.Collect$$rtentry$$00000000) refers (Special) to __rtentry2.o(.ARM.Collect$$rtentry$$0000000C) for __rt_entry_postli_1
    __rtentry.o(.ARM.Collect$$rtentry$$00000000) refers (Special) to __rtentry2.o(.ARM.Collect$$rtentry$$00000009) for __rt_entry_postsh_1
    __rtentry.o(.ARM.Collect$$rtentry$$00000000) refers (Special) to __rtentry2.o(.ARM.Collect$$rtentry$$00000002) for __rt_entry_presh_1
    __rtentry.o(.ARM.Collect$$rtentry$$00000000) refers (Special) to __rtentry4.o(.ARM.Collect$$rtentry$$00000004) for __rt_entry_sh
    _printf_char_file.o(.text) refers to _printf_char_common.o(.text) for _printf_char_common
    _printf_char_file.o(.text) refers to ferror.o(.text) for ferror
    _printf_char_file.o(.text) refers to fputc.o(i.fputc) for fputc
    stdio_streams.o(.bss) refers (Special) to initio.o(.text) for _initio
    stdio_streams.o(.bss) refers (Special) to initio.o(.text) for _initio
    stdio_streams.o(.bss) refers (Special) to initio.o(.text) for _initio
    stdio_streams.o(.data) refers (Special) to initio.o(.text) for _initio
    stdio_streams.o(.data) refers (Special) to initio.o(.text) for _initio
    stdio_streams.o(.data) refers (Special) to initio.o(.text) for _initio
    __rtentry2.o(.ARM.Collect$$rtentry$$00000008) refers to boardinit2.o(.text) for _platform_post_stackheap_init
    __rtentry2.o(.ARM.Collect$$rtentry$$0000000A) refers to libinit.o(.ARM.Collect$$libinit$$00000000) for __rt_lib_init
    __rtentry2.o(.ARM.Collect$$rtentry$$0000000B) refers to boardinit3.o(.text) for _platform_post_lib_init
    __rtentry2.o(.ARM.Collect$$rtentry$$0000000D) refers to main.o(.text.main) for main
    __rtentry2.o(.ARM.Collect$$rtentry$$0000000D) refers to exit.o(.text) for exit
    __rtentry2.o(.ARM.exidx) refers to __rtentry2.o(.ARM.Collect$$rtentry$$00000001) for .ARM.Collect$$rtentry$$00000001
[...]
    heap2.o(i._FDIterate) refers to heap2.o(.conststring) for .conststring
    heap2.o(i.___Heap_ProvideMemory$realtime) refers to fdtree.o(i._FDTree_Delete) for _FDTree_Delete
    heap2.o(i.___Heap_ProvideMemory$realtime) refers to fdtree.o(i._FDTree_Insert) for _FDTree_Insert
    heap2.o(i.___Heap_Stats$realtime) refers to heap2.o(i._Heap2_StatsIterate) for _Heap2_StatsIterate
    heap2.o(i.___Heap_Valid$realtime) refers to heap2.o(i._FDIterate) for _FDIterate
    heap2.o(i.___Heap_Valid$realtime) refers to heap2.o(.conststring) for .conststring
    heap2.o(i._free$realtime) refers to rt_heap_descriptor_intlibspace.o(.text) for __rt_heap_descriptor
    heap2.o(i._free$realtime) refers to fdtree.o(i._FDTree_Delete) for _FDTree_Delete
    heap2.o(i._free$realtime) refers to fdtree.o(i._FDTree_Insert) for _FDTree_Insert
    heap2.o(i._malloc$realtime) refers to rt_heap_descriptor_intlibspace.o(.text) for __rt_heap_descriptor
    heap2.o(i._malloc$realtime) refers to fdtree.o(i._FDTree_FindFirst) for _FDTree_FindFirst
    heap2.o(i._malloc$realtime) refers to init_alloc.o(.text) for __Heap_Full
    heap2.o(i._malloc$realtime) refers to fdtree.o(i._FDTree_RemoveNode) for _FDTree_RemoveNode
    heap2.o(i._malloc$realtime) refers to fdtree.o(i._FDTree_Insert) for _FDTree_Insert
    heap2.o(i._posix_memalign$realtime) refers to rt_heap_descriptor_intlibspace.o(.text) for __rt_heap_descriptor
    heap2.o(i._posix_memalign$realtime) refers to fdtree.o(i._FDTree_FindFirst) for _FDTree_FindFirst
    heap2.o(i._posix_memalign$realtime) refers to init_alloc.o(.text) for __Heap_Full
    heap2.o(i._posix_memalign$realtime) refers to fdtree.o(i._FDTree_RemoveNode) for _FDTree_RemoveNode
    heap2.o(i._posix_memalign$realtime) refers to fdtree.o(i._FDTree_Insert) for _FDTree_Insert
    heap2.o(i._realloc$realtime) refers to rt_heap_descriptor_intlibspace.o(.text) for __rt_heap_descriptor
    heap2.o(i._realloc$realtime) refers to fdtree.o(i._FDTree_Insert) for _FDTree_Insert
    heap2.o(i._realloc$realtime) refers to h1_free.o(.text) for free
    heap2.o(i._realloc$realtime) refers to h1_alloc.o(.text) for malloc
    heap2.o(i._realloc$realtime) refers to fdtree.o(i._FDTree_Delete) for _FDTree_Delete
    heap2.o(i._realloc$realtime) refers to rt_memcpy_w.o(.text) for __aeabi_memcpy4
    heap2mt.o(i._FDIterate) refers to heap2mt.o(.conststring) for .conststring
    heap2mt.o(i.___Heap_Initialize$realtime$concurrent) refers to mutex_dummy.o(.text) for _mutex_initialize
    heap2mt.o(i.___Heap_ProvideMemory$realtime$concurrent) refers to fdtree.o(i._FDTree_Delete) for _FDTree_Delete
    heap2mt.o(i.___Heap_ProvideMemory$realtime$concurrent) refers to fdtree.o(i._FDTree_Insert) for _FDTree_Insert
    heap2mt.o(i.___Heap_Stats$realtime$concurrent) refers to heap2mt.o(i._Heap2_StatsIterate) for _Heap2_StatsIterate
    heap2mt.o(i.___Heap_Valid$realtime$concurrent) refers to heap2mt.o(i._FDIterate) for _FDIterate
    heap2mt.o(i.___Heap_Valid$realtime$concurrent) refers to heap2mt.o(.conststring) for .conststring
    heap2mt.o(i._free$realtime$concurrent) refers to rt_heap_descriptor_intlibspace.o(.text) for __rt_heap_descriptor
    heap2mt.o(i._free$realtime$concurrent) refers to fdtree.o(i._FDTree_Delete) for _FDTree_Delete
    heap2mt.o(i._free$realtime$concurrent) refers to fdtree.o(i._FDTree_Insert) for _FDTree_Insert
    heap2mt.o(i._malloc$realtime$concurrent) refers to rt_heap_descriptor_intlibspace.o(.text) for __rt_heap_descriptor
    heap2mt.o(i._malloc$realtime$concurrent) refers to fdtree.o(i._FDTree_FindFirst) for _FDTree_FindFirst
    heap2mt.o(i._malloc$realtime$concurrent) refers to init_alloc.o(.text) for __Heap_Full
    heap2mt.o(i._malloc$realtime$concurrent) refers to fdtree.o(i._FDTree_RemoveNode) for _FDTree_RemoveNode
    heap2mt.o(i._malloc$realtime$concurrent) refers to fdtree.o(i._FDTree_Insert) for _FDTree_Insert
    heap2mt.o(i._posix_memalign$realtime$concurrent) refers to rt_heap_descriptor_intlibspace.o(.text) for __rt_heap_descriptor
    heap2mt.o(i._posix_memalign$realtime$concurrent) refers to fdtree.o(i._FDTree_FindFirst) for _FDTree_FindFirst
    heap2mt.o(i._posix_memalign$realtime$concurrent) refers to init_alloc.o(.text) for __Heap_Full
    heap2mt.o(i._posix_memalign$realtime$concurrent) refers to fdtree.o(i._FDTree_RemoveNode) for _FDTree_RemoveNode
    heap2mt.o(i._posix_memalign$realtime$concurrent) refers to fdtree.o(i._FDTree_Insert) for _FDTree_Insert
    heap2mt.o(i._realloc$realtime$concurrent) refers to rt_heap_descriptor_intlibspace.o(.text) for __rt_heap_descriptor
    heap2mt.o(i._realloc$realtime$concurrent) refers to fdtree.o(i._FDTree_Insert) for _FDTree_Insert
    heap2mt.o(i._realloc$realtime$concurrent) refers to h1_free.o(.text) for free
    heap2mt.o(i._realloc$realtime$concurrent) refers to h1_alloc.o(.text) for malloc
    heap2mt.o(i._realloc$realtime$concurrent) refers to fdtree.o(i._FDTree_Delete) for _FDTree_Delete
    heap2mt.o(i._realloc$realtime$concurrent) refers to rt_memcpy_w.o(.text) for __aeabi_memcpy4
    flsbuf.o(.text) refers to stdio.o(.text) for _deferredlazyseek
    flsbuf.o(.text) refers to sys_io.o(.text) for _sys_flen
    flsbuf.o(.text) refers to h1_alloc.o(.text) for malloc
    streamlock.o(.data) refers (Special) to initio.o(.text) for _initio
    fopen.o(.text) refers to fclose.o(.text) for _fclose_internal
    fopen.o(.text) refers to sys_io.o(.text) for _sys_open
    fopen.o(.text) refers to fseek.o(.text) for _fseek
    fopen.o(.text) refers to h1_alloc.o(.text) for malloc
    fopen.o(.text) refers to rt_memclr_w.o(.text) for __aeabi_memclr4
    fopen.o(.text) refers to stdio_streams.o(.bss) for __stdin
    fclose.o(.text) refers to stdio.o(.text) for _fflush
    fclose.o(.text) refers to sys_io.o(.text) for _sys_close
    fclose.o(.text) refers to h1_free.o(.text) for free
    fclose.o(.text) refers to rt_memclr_w.o(.text) for __aeabi_memclr4
    fopen_locked.o(.text) refers to fclose.o(.text) for _fclose_internal
    fopen_locked.o(.text) refers to sys_io.o(.text) for _sys_open
    fopen_locked.o(.text) refers to fseek.o(.text) for _fseek
    fopen_locked.o(.text) refers to h1_alloc.o(.text) for malloc
    fopen_locked.o(.text) refers to rt_memclr_w.o(.text) for __aeabi_memclr4
    fopen_locked.o(.text) refers to streamlock.o(.data) for _stream_list_lock
    fopen_locked.o(.text) refers to stdio_streams.o(.bss) for __stdin
    exit.o(.text) refers to rtexit.o(.ARM.Collect$$rtexit$$00000000) for __rt_exit
    defsig_rtred_outer.o(.text) refers to defsig_rtred_inner.o(.text) for __rt_SIGRTRED_inner
    defsig_rtred_outer.o(.text) refers to defsig_exit.o(.text) for __sig_exit
    defsig_rtred_formal.o(.text) refers to rt_raise.o(.text) for __rt_raise
    libinit.o(.ARM.Collect$$libinit$$00000000) refers (Special) to libinit2.o(.ARM.Collect$$libinit$$0000002E) for __rt_lib_init_alloca_1
    libinit.o(.ARM.Collect$$libinit$$00000000) refers (Special) to libinit2.o(.ARM.Collect$$libinit$$0000002C) for __rt_lib_init_argv_1
    libinit.o(.ARM.Collect$$libinit$$00000000) refers (Special) to libinit2.o(.ARM.Collect$$libinit$$0000001B) for __rt_lib_init_atexit_1
    libinit.o(.ARM.Collect$$libinit$$00000000) refers (Special) to libinit2.o(.ARM.Collect$$libinit$$00000021) for __rt_lib_init_clock_1
    libinit.o(.ARM.Collect$$libinit$$00000000) refers (Special) to libinit2.o(.ARM.Collect$$libinit$$00000032) for __rt_lib_init_cpp_1
    libinit.o(.ARM.Collect$$libinit$$00000000) refers (Special) to libinit2.o(.ARM.Collect$$libinit$$00000030) for __rt_lib_init_exceptions_1
    libinit.o(.ARM.Collect$$libinit$$00000000) refers (Special) to libinit2.o(.ARM.Collect$$libinit$$00000001) for __rt_lib_init_fp_1
    libinit.o(.ARM.Collect$$libinit$$00000000) refers (Special) to libinit2.o(.ARM.Collect$$libinit$$0000001F) for __rt_lib_init_fp_trap_1
    libinit.o(.ARM.Collect$$libinit$$00000000) refers (Special) to libinit2.o(.ARM.Collect$$libinit$$00000023) for __rt_lib_init_getenv_1
    libinit.o(.ARM.Collect$$libinit$$00000000) refers (Special) to libinit2.o(.ARM.Collect$$libinit$$0000000A) for __rt_lib_init_heap_1
    libinit.o(.ARM.Collect$$libinit$$00000000) refers (Special) to libinit2.o(.ARM.Collect$$libinit$$00000011) for __rt_lib_init_lc_collate_1
    libinit.o(.ARM.Collect$$libinit$$00000000) refers (Special) to libinit2.o(.ARM.Collect$$libinit$$00000013) for __rt_lib_init_lc_ctype_1
    libinit.o(.ARM.Collect$$libinit$$00000000) refers (Special) to libinit2.o(.ARM.Collect$$libinit$$00000015) for __rt_lib_init_lc_monetary_1
    libinit.o(.ARM.Collect$$libinit$$00000000) refers (Special) to libinit2.o(.ARM.Collect$$libinit$$00000017) for __rt_lib_init_lc_numeric_1
    libinit.o(.ARM.Collect$$libinit$$00000000) refers (Special) to libinit2.o(.ARM.Collect$$libinit$$00000019) for __rt_lib_init_lc_time_1
    libinit.o(.ARM.Collect$$libinit$$00000000) refers (Special) to libinit2.o(.ARM.Collect$$libinit$$00000004) for __rt_lib_init_preinit_1
    libinit.o(.ARM.Collect$$libinit$$00000000) refers (Special) to libinit2.o(.ARM.Collect$$libinit$$0000000E) for __rt_lib_init_rand_1
    libinit.o(.ARM.Collect$$libinit$$00000000) refers (Special) to libinit2.o(.ARM.Collect$$libinit$$00000033) for __rt_lib_init_return
    libinit.o(.ARM.Collect$$libinit$$00000000) refers (Special) to libinit2.o(.ARM.Collect$$libinit$$0000001D) for __rt_lib_init_signal_1
    libinit.o(.ARM.Collect$$libinit$$00000000) refers (Special) to libinit2.o(.ARM.Collect$$libinit$$00000025) for __rt_lib_init_stdio_1
    libinit.o(.ARM.Collect$$libinit$$00000000) refers (Special) to libinit2.o(.ARM.Collect$$libinit$$0000000C) for __rt_lib_init_user_alloc_1
    libinit2.o(.ARM.Collect$$libinit$$00000001) refers to fpinit.o(x$fpl$fpinit) for _fp_init
    libinit2.o(.ARM.Collect$$libinit$$00000005) refers (Weak) to init_alloc.o(.text) for _init_alloc
    libinit2.o(.ARM.Collect$$libinit$$00000010) refers to libinit2.o(.ARM.Collect$$libinit$$0000000F) for .ARM.Collect$$libinit$$0000000F
    libinit2.o(.ARM.Collect$$libinit$$00000012) refers to libinit2.o(.ARM.Collect$$libinit$$0000000F) for .ARM.Collect$$libinit$$0000000F
    libinit2.o(.ARM.Collect$$libinit$$00000014) refers to libinit2.o(.ARM.Collect$$libinit$$0000000F) for .ARM.Collect$$libinit$$0000000F
    libinit2.o(.ARM.Collect$$libinit$$00000016) refers to libinit2.o(.ARM.Collect$$libinit$$0000000F) for .ARM.Collect$$libinit$$0000000F
    libinit2.o(.ARM.Collect$$libinit$$00000018) refers to libinit2.o(.ARM.Collect$$libinit$$0000000F) for .ARM.Collect$$libinit$$0000000F
    libinit2.o(.ARM.Collect$$libinit$$00000024) refers (Weak) to initio.o(.text) for _initio
    libinit2.o(.ARM.Collect$$libinit$$00000026) refers to argv_veneer.o(.emb_text) for __ARM_argv_veneer
    libinit2.o(.ARM.Collect$$libinit$$00000027) refers to argv_veneer.o(.emb_text) for __ARM_argv_veneer
    libshutdown2.o(.ARM.Collect$$libshutdown$$00000003) refers (Weak) to initio.o(.text) for _terminateio
    libshutdown2.o(.ARM.Collect$$libshutdown$$0000000D) refers (Weak) to term_alloc.o(.text) for _terminate_alloc
    flsbuf_fwide.o(.text) refers to flsbuf.o(.text) for __flsbuf
    sys_io.o(.text) refers (Special) to use_no_semi.o(.text) for __I$use$semihosting
    sys_io.o(.text) refers (Special) to indicate_semi.o(.text) for __semihosting_library_function
    sys_io.o(.text) refers to strlen.o(.text) for strlen
    sys_io_hlt.o(.text) refers (Special) to use_no_semi.o(.text) for __I$use$semihosting
    sys_io_hlt.o(.text) refers (Special) to indicate_semi.o(.text) for __semihosting_library_function
    sys_io_hlt.o(.text) refers to strlen.o(.text) for strlen
    libspace.o(.text) refers to libspace.o(.bss) for __libspace_start
    rtexit.o(.ARM.Collect$$rtexit$$00000000) refers (Special) to rtexit2.o(.ARM.Collect$$rtexit$$00000004) for __rt_exit_exit
    rtexit.o(.ARM.Collect$$rtexit$$00000000) refers (Special) to rtexit2.o(.ARM.Collect$$rtexit$$00000003) for __rt_exit_ls
    rtexit.o(.ARM.Collect$$rtexit$$00000000) refers (Special) to rtexit2.o(.ARM.Collect$$rtexit$$00000002) for __rt_exit_prels_1
    rtexit.o(.ARM.exidx) refers (Special) to rtexit2.o(.ARM.Collect$$rtexit$$00000004) for __rt_exit_exit
    rtexit.o(.ARM.exidx) refers (Special) to rtexit2.o(.ARM.Collect$$rtexit$$00000003) for __rt_exit_ls
    rtexit.o(.ARM.exidx) refers (Special) to rtexit2.o(.ARM.Collect$$rtexit$$00000002) for __rt_exit_prels_1
    rtexit.o(.ARM.exidx) refers to rtexit.o(.ARM.Collect$$rtexit$$00000000) for .ARM.Collect$$rtexit$$00000000
    rt_raise.o(.text) refers to __raise.o(.text) for __raise
    rt_raise.o(.text) refers to sys_exit.o(.text) for _sys_exit
    rt_heap_descriptor.o(.text) refers to rt_heap_descriptor.o(.bss) for __rt_heap_descriptor_data
    rt_heap_descriptor_intlibspace.o(.text) refers to libspace.o(.bss) for __libspace_start
    init_alloc.o(.text) refers (Special) to hguard.o(.text) for __heap$guard
    init_alloc.o(.text) refers (Special) to libinit2.o(.ARM.Collect$$libinit$$00000005) for __rt_lib_init_heap_2
    init_alloc.o(.text) refers (Special) to maybetermalloc1.o(.text) for _maybe_terminate_alloc
    init_alloc.o(.text) refers to h1_extend.o(.text) for __Heap_ProvideMemory
    init_alloc.o(.text) refers to defsig_rtmem_outer.o(.text) for __rt_SIGRTMEM
    init_alloc.o(.text) refers to rt_heap_descriptor_intlibspace.o(.text) for __rt_heap_descriptor
    init_alloc.o(.text) refers to h1_init.o(.text) for __Heap_Initialize
    malloc.o(.text) refers (Special) to hguard.o(.text) for __heap$guard
    malloc.o(.text) refers (Special) to init_alloc.o(.text) for _init_alloc
    malloc.o(.text) refers to rt_heap_descriptor_intlibspace.o(.text) for __rt_heap_descriptor
    malloc.o(.text) refers to heapstubs.o(.text) for __Heap_Alloc
    h1_alloc.o(.text) refers (Special) to h1_init.o(.text) for __Heap_Initialize
    h1_alloc.o(.text) refers to rt_heap_descriptor_intlibspace.o(.text) for __rt_heap_descriptor
    h1_alloc.o(.text) refers to init_alloc.o(.text) for __Heap_Full
    h1_alloc_mt.o(.text) refers (Special) to h1_init.o(.text) for __Heap_Initialize
    h1_alloc_mt.o(.text) refers to init_alloc.o(.text) for __Heap_Full
    h1_alloc_mt.o(.text) refers to rt_heap_descriptor_intlibspace.o(.text) for __rt_heap_descriptor
    _printf_char_file_locked.o(.text) refers to _printf_char_common.o(.text) for _printf_char_common
    _printf_char_file_locked.o(.text) refers to fputc.o(i._fputc$unlocked) for _fputc$unlocked
    fseek.o(.text) refers to sys_io.o(.text) for _sys_istty
    fseek.o(.text) refers to ftell.o(.text) for _ftell_internal
    fseek.o(.text) refers to stdio.o(.text) for _seterr
    stdio.o(.text) refers to sys_io.o(.text) for _sys_seek
    fwritefast.o(.text) refers to stdio.o(.text) for _writebuf
    fwritefast.o(.text) refers to flsbuf.o(.text) for __flsbuf_byte
    fwritefast.o(.text) refers to rt_memcpy_v6.o(.text) for __aeabi_memcpy
    fwritefast_locked.o(.text) refers to stdio.o(.text) for _writebuf
    fwritefast_locked.o(.text) refers to flsbuf.o(.text) for __flsbuf_byte
    fwritefast_locked.o(.text) refers to rt_memcpy_v6.o(.text) for __aeabi_memcpy
    defsig_exit.o(.text) refers to sys_exit.o(.text) for _sys_exit
    defsig_rtred_inner.o(.text) refers to defsig_general.o(.text) for __default_signal_display
    assert_stdio.o(.text) refers to fputs.o(.text) for fputs
    assert_stdio.o(.text) refers to fflush.o(.text) for fflush
    assert_stdio.o(.text) refers to stdio_streams.o(.bss) for __stderr
    argv_veneer.o(.emb_text) refers to no_argv.o(.text) for __ARM_get_argv
    sys_exit.o(.text) refers (Special) to use_no_semi.o(.text) for __I$use$semihosting
    sys_exit.o(.text) refers (Special) to indicate_semi.o(.text) for __semihosting_library_function
    sys_exit_hlt.o(.text) refers (Special) to use_no_semi.o(.text) for __I$use$semihosting
    sys_exit_hlt.o(.text) refers (Special) to indicate_semi.o(.text) for __semihosting_library_function
    rtexit2.o(.ARM.Collect$$rtexit$$00000003) refers to libshutdown.o(.ARM.Collect$$libshutdown$$00000000) for __rt_lib_shutdown
    rtexit2.o(.ARM.Collect$$rtexit$$00000004) refers to sys_exit.o(.text) for _sys_exit
    rtexit2.o(.ARM.exidx) refers to rtexit2.o(.ARM.Collect$$rtexit$$00000001) for .ARM.Collect$$rtexit$$00000001
    rtexit2.o(.ARM.exidx) refers to rtexit2.o(.ARM.Collect$$rtexit$$00000003) for .ARM.Collect$$rtexit$$00000003
    rtexit2.o(.ARM.exidx) refers to rtexit2.o(.ARM.Collect$$rtexit$$00000004) for .ARM.Collect$$rtexit$$00000004
    maybetermalloc2.o(.text) refers (Special) to term_alloc.o(.text) for _terminate_alloc
    h1_extend.o(.text) refers to h1_free.o(.text) for free
    h1_init_mt.o(.text) refers to mutex_dummy.o(.text) for _mutex_initialize
    h1_extend_mt.o(.text) refers to h1_free_mt.o(.text) for _free_internal
    fflush.o(.text) refers to stdio.o(.text) for _fflush
    fflush.o(.text) refers to fseek.o(.text) for _fseek
    fflush.o(.text) refers to stdio_streams.o(.bss) for __stdin
    fputs.o(.text) refers to fputc.o(i.fputc) for fputc
    ftell.o(.text) refers to rt_errno_addr_intlibspace.o(.text) for __aeabi_errno_addr
    fflush_locked.o(.text) refers to stdio.o(.text) for _fflush
    fflush_locked.o(.text) refers to fseek.o(.text) for _fseek
    fflush_locked.o(.text) refers to fflush.o(.text) for _do_fflush
    fflush_locked.o(.text) refers to streamlock.o(.data) for _stream_list_lock
    fflush_locked.o(.text) refers to stdio_streams.o(.bss) for __stdin
    __raise.o(.text) refers to defsig.o(CL$$defsig) for __default_signal_handler
    defsig_general.o(.text) refers to sys_wrch.o(.text) for _ttywrch
    defsig_rtmem_outer.o(.text) refers to defsig_rtmem_inner.o(.text) for __rt_SIGRTMEM_inner
    defsig_rtmem_outer.o(.text) refers to defsig_exit.o(.text) for __sig_exit
    defsig_rtmem_formal.o(.text) refers to rt_raise.o(.text) for __rt_raise
    rt_memcpy_v6.o(.text) refers to rt_memcpy_w.o(.text) for __aeabi_memcpy4
    heapauxa.o(.text) refers to heapauxa.o(.data) for .data
    _get_argv.o(.text) refers (Special) to hrguard.o(.text) for __heap_region$guard
    _get_argv.o(.text) refers to h1_alloc.o(.text) for malloc
    _get_argv.o(.text) refers to defsig_rtmem_outer.o(.text) for __rt_SIGRTMEM
    _get_argv.o(.text) refers to sys_command.o(.text) for _sys_command_string
    _get_argv_nomalloc.o(.text) refers (Special) to hrguard.o(.text) for __heap_region$guard
    _get_argv_nomalloc.o(.text) refers to defsig_rtmem_outer.o(.text) for __rt_SIGRTMEM
    _get_argv_nomalloc.o(.text) refers to sys_command.o(.text) for _sys_command_string
    sys_wrch.o(.text) refers (Special) to use_no_semi.o(.text) for __I$use$semihosting
    sys_wrch.o(.text) refers (Special) to indicate_semi.o(.text) for __semihosting_library_function
    sys_command.o(.text) refers (Special) to use_no_semi.o(.text) for __I$use$semihosting
    sys_command.o(.text) refers (Special) to indicate_semi.o(.text) for __semihosting_library_function
    sys_wrch_hlt.o(.text) refers (Special) to use_no_semi.o(.text) for __I$use$semihosting
    sys_wrch_hlt.o(.text) refers (Special) to indicate_semi.o(.text) for __semihosting_library_function
    sys_command_hlt.o(.text) refers (Special) to use_no_semi.o(.text) for __I$use$semihosting
    sys_command_hlt.o(.text) refers (Special) to indicate_semi.o(.text) for __semihosting_library_function
    rt_errno_addr.o(.text) refers to rt_errno_addr.o(.bss) for __aeabi_errno_addr_data
    rt_errno_addr_intlibspace.o(.text) refers to libspace.o(.bss) for __libspace_start
    term_alloc.o(.text) refers (Special) to libshutdown2.o(.ARM.Collect$$libshutdown$$0000000E) for __rt_lib_shutdown_heap_2
    term_alloc.o(.text) refers to rt_heap_descriptor_intlibspace.o(.text) for __rt_heap_descriptor
    term_alloc.o(.text) refers to h1_final.o(.text) for __Heap_Finalize
    defsig_rtmem_inner.o(.text) refers to defsig_general.o(.text) for __default_signal_display
    defsig.o(CL$$defsig) refers to defsig_rtred_inner.o(.text) for __rt_SIGRTRED_inner
    defsig.o(CL$$defsig) refers to defsig_rtmem_inner.o(.text) for __rt_SIGRTMEM_inner
    libshutdown.o(.ARM.Collect$$libshutdown$$00000000) refers (Special) to libshutdown2.o(.ARM.Collect$$libshutdown$$00000002) for __rt_lib_shutdown_cpp_1
    libshutdown.o(.ARM.Collect$$libshutdown$$00000000) refers (Special) to libshutdown2.o(.ARM.Collect$$libshutdown$$00000007) for __rt_lib_shutdown_fp_trap_1
    libshutdown.o(.ARM.Collect$$libshutdown$$00000000) refers (Special) to libshutdown2.o(.ARM.Collect$$libshutdown$$0000000F) for __rt_lib_shutdown_heap_1
    libshutdown.o(.ARM.Collect$$libshutdown$$00000000) refers (Special) to libshutdown2.o(.ARM.Collect$$libshutdown$$00000010) for __rt_lib_shutdown_return
    libshutdown.o(.ARM.Collect$$libshutdown$$00000000) refers (Special) to libshutdown2.o(.ARM.Collect$$libshutdown$$0000000A) for __rt_lib_shutdown_signal_1
    libshutdown.o(.ARM.Collect$$libshutdown$$00000000) refers (Special) to libshutdown2.o(.ARM.Collect$$libshutdown$$00000004) for __rt_lib_shutdown_stdio_1
    libshutdown.o(.ARM.Collect$$libshutdown$$00000000) refers (Special) to libshutdown2.o(.ARM.Collect$$libshutdown$$0000000C) for __rt_lib_shutdown_user_alloc_1
    defsig_abrt_inner.o(.text) refers to defsig_general.o(.text) for __default_signal_display
    defsig_fpe_inner.o(.text) refers to defsig_general.o(.text) for __default_signal_display
    defsig_stak_inner.o(.text) refers to defsig_general.o(.text) for __default_signal_display
    defsig_pvfn_inner.o(.text) refers to defsig_general.o(.text) for __default_signal_display
    defsig_cppl_inner.o(.text) refers to defsig_general.o(.text) for __default_signal_display
    defsig_segv_inner.o(.text) refers to defsig_general.o(.text) for __default_signal_display
    defsig_other.o(.text) refers to defsig_general.o(.text) for __default_signal_display


==============================================================================

Removing Unused input sections from the image.

    Removing main.o(.text), (0 bytes).
    Removing main.o(.ARM.exidx.text.main), (8 bytes).
    Removing main.o(.ARM.use_no_argv), (4 bytes).
    Removing system_nrf5340_application.o(.text), (0 bytes).
    Removing system_nrf5340_application.o(.text.SystemCoreClockUpdate), (32 bytes).
    Removing system_nrf5340_application.o(.ARM.exidx.text.SystemCoreClockUpdate), (8 bytes).
    Removing system_nrf5340_application.o(.ARM.exidx.text.SystemInit), (8 bytes).
    Removing system_nrf5340_application.o(.ARM.exidx.text.SystemStoreFICRNS), (8 bytes).
    Removing system_nrf5340_application.o(.text.SystemLockFICRNS), (24 bytes).
    Removing system_nrf5340_application.o(.ARM.exidx.text.SystemLockFICRNS), (8 bytes).

10 unused section(s) (total 100 bytes) removed from the image.

==============================================================================

Adding Veneers to the image

    Adding TT veneer (10 bytes, Long) for call to '__rt_entry' from __main.o(!!!main).

1 Veneer(s) (total 10 bytes) added to the image.

==============================================================================

Image Symbol Table

    Local Symbols

    Symbol Name                              Value     Ov Type        Size  Object(Section)

    RESET                                    0x00000000   Section     1024  arm_startup_nrf5340_application.o(RESET)
    ../clib/angel/boardlib.s                 0x00000000   Number         0  boardshut.o ABSOLUTE
    ../clib/angel/boardlib.s                 0x00000000   Number         0  boardinit2.o ABSOLUTE
    ../clib/angel/boardlib.s                 0x00000000   Number         0  boardinit3.o ABSOLUTE
    ../clib/angel/boardlib.s                 0x00000000   Number         0  boardinit1.o ABSOLUTE
    ../clib/angel/handlers.s                 0x00000000   Number         0  __scatter_zi.o ABSOLUTE
    ../clib/angel/handlers.s                 0x00000000   Number         0  __scatter_copy.o ABSOLUTE
    ../clib/angel/kernel.s                   0x00000000   Number         0  rtexit.o ABSOLUTE
    ../clib/angel/kernel.s                   0x00000000   Number         0  __rtentry.o ABSOLUTE
    ../clib/angel/kernel.s                   0x00000000   Number         0  rtexit2.o ABSOLUTE
    ../clib/angel/kernel.s                   0x00000000   Number         0  __rtentry4.o ABSOLUTE
    ../clib/angel/kernel.s                   0x00000000   Number         0  __rtentry2.o ABSOLUTE
    ../clib/angel/rt.s                       0x00000000   Number         0  rt_raise.o ABSOLUTE
    ../clib/angel/rt.s                       0x00000000   Number         0  rt_heap_descriptor_intlibspace.o ABSOLUTE
    ../clib/angel/rt.s                       0x00000000   Number         0  rt_heap_descriptor.o ABSOLUTE
    ../clib/angel/rt.s                       0x00000000   Number         0  rt_errno_addr_intlibspace.o ABSOLUTE
    ../clib/angel/rt.s                       0x00000000   Number         0  rt_errno_addr.o ABSOLUTE
    ../clib/angel/scatter.s                  0x00000000   Number         0  __scatter.o ABSOLUTE
    ../clib/angel/startup.s                  0x00000000   Number         0  __main.o ABSOLUTE
    ../clib/angel/sys.s                      0x00000000   Number         0  use_no_semi.o ABSOLUTE
    ../clib/angel/sys.s                      0x00000000   Number         0  libspace.o ABSOLUTE
    ../clib/angel/sys.s                      0x00000000   Number         0  indicate_semi.o ABSOLUTE
    ../clib/angel/sys.s                      0x00000000   Number         0  mutex_dummy.o ABSOLUTE
    ../clib/angel/sys.s                      0x00000000   Number         0  sys_stackheap_outer.o ABSOLUTE
    ../clib/angel/sysapp.c                   0x00000000   Number         0  sys_exit.o ABSOLUTE
    ../clib/angel/sysapp.c                   0x00000000   Number         0  sys_io.o ABSOLUTE
    ../clib/angel/sysapp.c                   0x00000000   Number         0  sys_wrch_hlt.o ABSOLUTE
    ../clib/angel/sysapp.c                   0x00000000   Number         0  sys_command_hlt.o ABSOLUTE
    ../clib/angel/sysapp.c                   0x00000000   Number         0  sys_exit_hlt.o ABSOLUTE
    ../clib/angel/sysapp.c                   0x00000000   Number         0  sys_io_hlt.o ABSOLUTE
    ../clib/angel/sysapp.c                   0x00000000   Number         0  sys_io_names.o ABSOLUTE
    ../clib/angel/sysapp.c                   0x00000000   Number         0  sys_wrch.o ABSOLUTE
    ../clib/angel/sysapp.c                   0x00000000   Number         0  sys_command.o ABSOLUTE
    ../clib/armsys.c                         0x00000000   Number         0  argv_veneer.o ABSOLUTE
    ../clib/armsys.c                         0x00000000   Number         0  argv_veneer.o ABSOLUTE
    ../clib/armsys.c                         0x00000000   Number         0  _get_argv.o ABSOLUTE
    ../clib/armsys.c                         0x00000000   Number         0  no_argv.o ABSOLUTE
    ../clib/armsys.c                         0x00000000   Number         0  _get_argv_nomalloc.o ABSOLUTE
    ../clib/assert.c                         0x00000000   Number         0  assert_stdio.o ABSOLUTE
    ../clib/heap1.c                          0x00000000   Number         0  h1_init.o ABSOLUTE
    ../clib/heap1.c                          0x00000000   Number         0  h1_free.o ABSOLUTE
    ../clib/heap1.c                          0x00000000   Number         0  h1_free_mt.o ABSOLUTE
    ../clib/heap1.c                          0x00000000   Number         0  h1_alloc_mt.o ABSOLUTE
    ../clib/heap1.c                          0x00000000   Number         0  h1_final_mt.o ABSOLUTE
    ../clib/heap1.c                          0x00000000   Number         0  h1_final.o ABSOLUTE
    ../clib/heap1.c                          0x00000000   Number         0  h1_alloc.o ABSOLUTE
    ../clib/heap1.c                          0x00000000   Number         0  h1_extend_mt.o ABSOLUTE
    ../clib/heap1.c                          0x00000000   Number         0  h1_init_mt.o ABSOLUTE
    ../clib/heap1.c                          0x00000000   Number         0  h1_extend.o ABSOLUTE
    ../clib/heap2.c                          0x00000000   Number         0  heap2.o ABSOLUTE
    ../clib/heap2.c                          0x00000000   Number         0  fdtree.o ABSOLUTE
    ../clib/heap2.c                          0x00000000   Number         0  heap2mt.o ABSOLUTE
    ../clib/heapalloc.c                      0x00000000   Number         0  free.o ABSOLUTE
    ../clib/heapalloc.c                      0x00000000   Number         0  malloc.o ABSOLUTE
    ../clib/heapalloc.c                      0x00000000   Number         0  term_alloc.o ABSOLUTE
    ../clib/heapalloc.c                      0x00000000   Number         0  init_alloc.o ABSOLUTE
    ../clib/heapalloc.c                      0x00000000   Number         0  hguard.o ABSOLUTE
    ../clib/heapalloc.c                      0x00000000   Number         0  hrguard.o ABSOLUTE
    ../clib/heapalloc.c                      0x00000000   Number         0  heapstubs.o ABSOLUTE
    ../clib/heapaux.c                        0x00000000   Number         0  heapauxi.o ABSOLUTE
    ../clib/heapaux.c                        0x00000000   Number         0  heapauxa.o ABSOLUTE
    ../clib/libinit.s                        0x00000000   Number         0  libshutdown2.o ABSOLUTE
    ../clib/libinit.s                        0x00000000   Number         0  libinit2.o ABSOLUTE
    ../clib/libinit.s                        0x00000000   Number         0  libshutdown.o ABSOLUTE
    ../clib/libinit.s                        0x00000000   Number         0  libinit.o ABSOLUTE
    ../clib/maybe.s                          0x00000000   Number         0  maybetermalloc2.o ABSOLUTE
    ../clib/maybe.s                          0x00000000   Number         0  maybetermalloc1.o ABSOLUTE
    ../clib/memcpset.s                       0x00000000   Number         0  rt_memcpy_w.o ABSOLUTE
    ../clib/memcpset.s                       0x00000000   Number         0  rt_memcpy_v6.o ABSOLUTE
    ../clib/memcpset.s                       0x00000000   Number         0  rt_memclr_w.o ABSOLUTE
    ../clib/printf.c                         0x00000000   Number         0  _printf_char_common.o ABSOLUTE
    ../clib/printf.c                         0x00000000   Number         0  noretval__2printf.o ABSOLUTE
    ../clib/printf.c                         0x00000000   Number         0  __2printf.o ABSOLUTE
    ../clib/printf.c                         0x00000000   Number         0  _printf_char_file.o ABSOLUTE
    ../clib/printf.c                         0x00000000   Number         0  _printf_char_file_locked.o ABSOLUTE
    ../clib/printf.c                         0x00000000   Number         0  __printf_nopercent.o ABSOLUTE
    ../clib/signal.c                         0x00000000   Number         0  defsig_rtred_outer.o ABSOLUTE
    ../clib/signal.c                         0x00000000   Number         0  defsig_abrt_inner.o ABSOLUTE
    ../clib/signal.c                         0x00000000   Number         0  defsig_fpe_inner.o ABSOLUTE
    ../clib/signal.c                         0x00000000   Number         0  defsig_stak_inner.o ABSOLUTE
    ../clib/signal.c                         0x00000000   Number         0  defsig_rtmem_formal.o ABSOLUTE
    ../clib/signal.c                         0x00000000   Number         0  defsig_rtmem_outer.o ABSOLUTE
    ../clib/signal.c                         0x00000000   Number         0  defsig_segv_inner.o ABSOLUTE
    ../clib/signal.c                         0x00000000   Number         0  defsig_rtmem_inner.o ABSOLUTE
    ../clib/signal.c                         0x00000000   Number         0  defsig_cppl_inner.o ABSOLUTE
    ../clib/signal.c                         0x00000000   Number         0  defsig_pvfn_inner.o ABSOLUTE
    ../clib/signal.c                         0x00000000   Number         0  __raise.o ABSOLUTE
    ../clib/signal.c                         0x00000000   Number         0  defsig_general.o ABSOLUTE
    ../clib/signal.c                         0x00000000   Number         0  defsig_exit.o ABSOLUTE
    ../clib/signal.c                         0x00000000   Number         0  defsig_rtred_inner.o ABSOLUTE
    ../clib/signal.c                         0x00000000   Number         0  defsig_other.o ABSOLUTE
    ../clib/signal.c                         0x00000000   Number         0  defsig_rtred_formal.o ABSOLUTE
    ../clib/signal.s                         0x00000000   Number         0  defsig.o ABSOLUTE
    ../clib/stdio.c                          0x00000000   Number         0  fputc_locked.o ABSOLUTE
    ../clib/stdio.c                          0x00000000   Number         0  ferror_locked.o ABSOLUTE
    ../clib/stdio.c                          0x00000000   Number         0  initio_locked.o ABSOLUTE
    ../clib/stdio.c                          0x00000000   Number         0  flsbuf.o ABSOLUTE
    ../clib/stdio.c                          0x00000000   Number         0  setvbuf.o ABSOLUTE
    ../clib/stdio.c                          0x00000000   Number         0  streamlock.o ABSOLUTE
    ../clib/stdio.c                          0x00000000   Number         0  fopen.o ABSOLUTE
    ../clib/stdio.c                          0x00000000   Number         0  fclose.o ABSOLUTE
    ../clib/stdio.c                          0x00000000   Number         0  setvbuf_locked.o ABSOLUTE
    ../clib/stdio.c                          0x00000000   Number         0  fopen_locked.o ABSOLUTE
    ../clib/stdio.c                          0x00000000   Number         0  fputc.o ABSOLUTE
    ../clib/stdio.c                          0x00000000   Number         0  fseek.o ABSOLUTE
    ../clib/stdio.c                          0x00000000   Number         0  stdio.o ABSOLUTE
    ../clib/stdio.c                          0x00000000   Number         0  fwritefast.o ABSOLUTE
    ../clib/stdio.c                          0x00000000   Number         0  fwritefast_locked.o ABSOLUTE
    ../clib/stdio.c                          0x00000000   Number         0  fflush.o ABSOLUTE
    ../clib/stdio.c                          0x00000000   Number         0  fputs.o ABSOLUTE
    ../clib/stdio.c                          0x00000000   Number         0  ftell.o ABSOLUTE
    ../clib/stdio.c                          0x00000000   Number         0  fputs_locked.o ABSOLUTE
    ../clib/stdio.c                          0x00000000   Number         0  fflush_locked.o ABSOLUTE
    ../clib/stdio.c                          0x00000000   Number         0  stdio_streams.o ABSOLUTE
    ../clib/stdio.c                          0x00000000   Number         0  ferror.o ABSOLUTE
    ../clib/stdio.c                          0x00000000   Number         0  initio.o ABSOLUTE
    ../clib/stdlib.c                         0x00000000   Number         0  exit.o ABSOLUTE
    ../clib/string.c                         0x00000000   Number         0  strlen.o ABSOLUTE
    ../clib/wchar.c                          0x00000000   Number         0  flsbuf_fwide.o ABSOLUTE
    ../fplib/fpinit.s                        0x00000000   Number         0  fpinit.o ABSOLUTE
    RTE\Device\nRF5340_xxAA_Application\arm_startup_nrf5340_application.s 0x00000000   Number         0  arm_startup_nrf5340_application.o ABSOLUTE
    dc.s                                     0x00000000   Number         0  dc.o ABSOLUTE
    main.c                                   0x00000000   Number         0  main.o ABSOLUTE
    system_nrf5340_application.c             0x00000000   Number         0  system_nrf5340_application.o ABSOLUTE
    !!!main                                  0x00000400   Section        8  __main.o(!!!main)
    !!!scatter                               0x00000408   Section       52  __scatter.o(!!!scatter)
    !!handler_copy                           0x0000043c   Section       26  __scatter_copy.o(!!handler_copy)
    !!handler_zi                             0x00000458   Section       28  __scatter_zi.o(!!handler_zi)
    .ARM.Collect$$libinit$$00000000          0x10000000   Section        2  libinit.o(.ARM.Collect$$libinit$$00000000)
    .ARM.Collect$$libinit$$00000001          0x10000002   Section        4  libinit2.o(.ARM.Collect$$libinit$$00000001)
    .ARM.Collect$$libinit$$00000004          0x10000006   Section        0  libinit2.o(.ARM.Collect$$libinit$$00000004)
    .ARM.Collect$$libinit$$00000005          0x10000006   Section        8  libinit2.o(.ARM.Collect$$libinit$$00000005)
    .ARM.Collect$$libinit$$0000000A          0x1000000e   Section        0  libinit2.o(.ARM.Collect$$libinit$$0000000A)
    .ARM.Collect$$libinit$$0000000C          0x1000000e   Section        0  libinit2.o(.ARM.Collect$$libinit$$0000000C)
    .ARM.Collect$$libinit$$0000000E          0x1000000e   Section        0  libinit2.o(.ARM.Collect$$libinit$$0000000E)
    .ARM.Collect$$libinit$$00000011          0x1000000e   Section        0  libinit2.o(.ARM.Collect$$libinit$$00000011)
    .ARM.Collect$$libinit$$00000013          0x1000000e   Section        0  libinit2.o(.ARM.Collect$$libinit$$00000013)
    .ARM.Collect$$libinit$$00000015          0x1000000e   Section        0  libinit2.o(.ARM.Collect$$libinit$$00000015)
    .ARM.Collect$$libinit$$00000017          0x1000000e   Section        0  libinit2.o(.ARM.Collect$$libinit$$00000017)
    .ARM.Collect$$libinit$$00000019          0x1000000e   Section        0  libinit2.o(.ARM.Collect$$libinit$$00000019)
    .ARM.Collect$$libinit$$0000001B          0x1000000e   Section        0  libinit2.o(.ARM.Collect$$libinit$$0000001B)
    .ARM.Collect$$libinit$$0000001D          0x1000000e   Section        0  libinit2.o(.ARM.Collect$$libinit$$0000001D)
    .ARM.Collect$$libinit$$0000001F          0x1000000e   Section        0  libinit2.o(.ARM.Collect$$libinit$$0000001F)
    .ARM.Collect$$libinit$$00000021          0x1000000e   Section        0  libinit2.o(.ARM.Collect$$libinit$$00000021)
    .ARM.Collect$$libinit$$00000023          0x1000000e   Section        0  libinit2.o(.ARM.Collect$$libinit$$00000023)
    .ARM.Collect$$libinit$$00000024          0x1000000e   Section        4  libinit2.o(.ARM.Collect$$libinit$$00000024)
    .ARM.Collect$$libinit$$00000025          0x10000012   Section        0  libinit2.o(.ARM.Collect$$libinit$$00000025)
    .ARM.Collect$$libinit$$0000002C          0x10000012   Section        0  libinit2.o(.ARM.Collect$$libinit$$0000002C)
    .ARM.Collect$$libinit$$0000002E          0x10000012   Section        0  libinit2.o(.ARM.Collect$$libinit$$0000002E)
    .ARM.Collect$$libinit$$00000030          0x10000012   Section        0  libinit2.o(.ARM.Collect$$libinit$$00000030)
    .ARM.Collect$$libinit$$00000032          0x10000012   Section        0  libinit2.o(.ARM.Collect$$libinit$$00000032)
    .ARM.Collect$$libinit$$00000033          0x10000012   Section        2  libinit2.o(.ARM.Collect$$libinit$$00000033)
    .ARM.Collect$$libshutdown$$00000000      0x10000014   Section        2  libshutdown.o(.ARM.Collect$$libshutdown$$00000000)
    .ARM.Collect$$libshutdown$$00000002      0x10000016   Section        0  libshutdown2.o(.ARM.Collect$$libshutdown$$00000002)
    .ARM.Collect$$libshutdown$$00000003      0x10000016   Section        4  libshutdown2.o(.ARM.Collect$$libshutdown$$00000003)
    .ARM.Collect$$libshutdown$$00000004      0x1000001a   Section        0  libshutdown2.o(.ARM.Collect$$libshutdown$$00000004)
    .ARM.Collect$$libshutdown$$00000007      0x1000001a   Section        0  libshutdown2.o(.ARM.Collect$$libshutdown$$00000007)
    .ARM.Collect$$libshutdown$$0000000A      0x1000001a   Section        0  libshutdown2.o(.ARM.Collect$$libshutdown$$0000000A)
    .ARM.Collect$$libshutdown$$0000000C      0x1000001a   Section        0  libshutdown2.o(.ARM.Collect$$libshutdown$$0000000C)
    .ARM.Collect$$libshutdown$$0000000F      0x1000001a   Section        0  libshutdown2.o(.ARM.Collect$$libshutdown$$0000000F)
    .ARM.Collect$$libshutdown$$00000010      0x1000001a   Section        2  libshutdown2.o(.ARM.Collect$$libshutdown$$00000010)
    .ARM.Collect$$rtentry$$00000000          0x1000001c   Section        0  __rtentry.o(.ARM.Collect$$rtentry$$00000000)
    .ARM.Collect$$rtentry$$00000002          0x1000001c   Section        0  __rtentry2.o(.ARM.Collect$$rtentry$$00000002)
    .ARM.Collect$$rtentry$$00000004          0x1000001c   Section        6  __rtentry4.o(.ARM.Collect$$rtentry$$00000004)
    .ARM.Collect$$rtentry$$00000009          0x10000022   Section        0  __rtentry2.o(.ARM.Collect$$rtentry$$00000009)
    .ARM.Collect$$rtentry$$0000000A          0x10000022   Section        4  __rtentry2.o(.ARM.Collect$$rtentry$$0000000A)
    .ARM.Collect$$rtentry$$0000000C          0x10000026   Section        0  __rtentry2.o(.ARM.Collect$$rtentry$$0000000C)
    .ARM.Collect$$rtentry$$0000000D          0x10000026   Section        8  __rtentry2.o(.ARM.Collect$$rtentry$$0000000D)
    .ARM.Collect$$rtexit$$00000000           0x1000002e   Section        2  rtexit.o(.ARM.Collect$$rtexit$$00000000)
    .ARM.Collect$$rtexit$$00000002           0x10000030   Section        0  rtexit2.o(.ARM.Collect$$rtexit$$00000002)
    .ARM.Collect$$rtexit$$00000003           0x10000030   Section        4  rtexit2.o(.ARM.Collect$$rtexit$$00000003)
    .ARM.Collect$$rtexit$$00000004           0x10000034   Section        6  rtexit2.o(.ARM.Collect$$rtexit$$00000004)
    .text                                    0x1000003c   Section       68  arm_startup_nrf5340_application.o(.text)
    $v0                                      0x1000003c   Number         0  arm_startup_nrf5340_application.o(.text)
    .text                                    0x10000080   Section        0  noretval__2printf.o(.text)
    .text                                    0x10000098   Section        0  heapauxi.o(.text)
    .text                                    0x100000a0   Section        0  _printf_char_file.o(.text)
    .text                                    0x100000c4   Section        0  _printf_char_common.o(.text)
    _printf_input_char                       0x100000c5   Thumb Code    10  _printf_char_common.o(.text)
    .text                                    0x100000f4   Section        0  ferror.o(.text)
    .text                                    0x100000fc   Section        0  initio.o(.text)
    .text                                    0x10000234   Section       74  sys_stackheap_outer.o(.text)
    .text                                    0x1000027e   Section        0  h1_free.o(.text)
    .text                                    0x100002cc   Section        0  __printf_nopercent.o(.text)
    .text                                    0x100002f4   Section        0  flsbuf.o(.text)
    .text                                    0x100004ca   Section        0  setvbuf.o(.text)
    .text                                    0x10000510   Section        0  fopen.o(.text)
    _freopen_locked                          0x10000511   Thumb Code     0  fopen.o(.text)
    .text                                    0x100005fc   Section        0  fclose.o(.text)
    .text                                    0x10000648   Section        0  exit.o(.text)
    .text                                    0x1000065a   Section        0  defsig_rtred_outer.o(.text)
    .text                                    0x10000668   Section       78  rt_memclr_w.o(.text)
    .text                                    0x100006b6   Section        0  sys_io.o(.text)
    .text                                    0x1000071c   Section        8  libspace.o(.text)
    .text                                    0x10000724   Section        8  rt_heap_descriptor_intlibspace.o(.text)
    .text                                    0x1000072c   Section        0  hguard.o(.text)
    .text                                    0x10000730   Section        0  init_alloc.o(.text)
    .text                                    0x100007ba   Section        0  h1_alloc.o(.text)
    .text                                    0x10000818   Section        0  fseek.o(.text)
    .text                                    0x10000910   Section        0  stdio.o(.text)
    .text                                    0x10000a00   Section        0  defsig_exit.o(.text)
    .text                                    0x10000a0c   Section        0  defsig_rtred_inner.o(.text)
    .text                                    0x10000a40   Section        0  sys_exit.o(.text)
    .text                                    0x10000a4c   Section        2  use_no_semi.o(.text)
    .text                                    0x10000a4e   Section        0  maybetermalloc1.o(.text)
    .text                                    0x10000a4e   Section        0  h1_init.o(.text)
    .text                                    0x10000a4e   Section        0  indicate_semi.o(.text)
    .text                                    0x10000a5c   Section        0  h1_extend.o(.text)
    .text                                    0x10000a90   Section        0  ftell.o(.text)
    .text                                    0x10000ad2   Section        0  defsig_general.o(.text)
    .text                                    0x10000b04   Section        0  defsig_rtmem_outer.o(.text)
    .text                                    0x10000b12   Section        0  strlen.o(.text)
    .text                                    0x10000b50   Section        0  sys_wrch.o(.text)
    .text                                    0x10000b60   Section        8  rt_errno_addr_intlibspace.o(.text)
    .text                                    0x10000b68   Section        0  defsig_rtmem_inner.o(.text)
    [Anonymous Symbol]                       0x10000bb8   Section        0  system_nrf5340_application.o(.text.SystemInit)
    __arm_cp.1_0                             0x10000cd0   Number         4  system_nrf5340_application.o(.text.SystemInit)
    __arm_cp.1_1                             0x10000cd4   Number         4  system_nrf5340_application.o(.text.SystemInit)
    __arm_cp.1_2                             0x10000cd8   Number         4  system_nrf5340_application.o(.text.SystemInit)
    __arm_cp.1_3                             0x10000cdc   Number         4  system_nrf5340_application.o(.text.SystemInit)
    __arm_cp.1_4                             0x10000ce0   Number         4  system_nrf5340_application.o(.text.SystemInit)
    __arm_cp.1_5                             0x10000ce4   Number         4  system_nrf5340_application.o(.text.SystemInit)
    __arm_cp.1_6                             0x10000ce8   Number         4  system_nrf5340_application.o(.text.SystemInit)
    __arm_cp.1_7                             0x10000cec   Number         4  system_nrf5340_application.o(.text.SystemInit)
    __arm_cp.1_8                             0x10000cf0   Number         4  system_nrf5340_application.o(.text.SystemInit)
    __arm_cp.1_9                             0x10000cf4   Number         4  system_nrf5340_application.o(.text.SystemInit)
    __arm_cp.1_10                            0x10000cf8   Number         4  system_nrf5340_application.o(.text.SystemInit)
    __arm_cp.1_11                            0x10000cfc   Number         4  system_nrf5340_application.o(.text.SystemInit)
    [Anonymous Symbol]                       0x10000d00   Section        0  system_nrf5340_application.o(.text.SystemStoreFICRNS)
    __arm_cp.2_0                             0x10000d20   Number         4  system_nrf5340_application.o(.text.SystemStoreFICRNS)
    __arm_cp.2_1                             0x10000d24   Number         4  system_nrf5340_application.o(.text.SystemStoreFICRNS)
    __arm_cp.2_2                             0x10000d28   Number         4  system_nrf5340_application.o(.text.SystemStoreFICRNS)
    [Anonymous Symbol]                       0x10000d2c   Section        0  main.o(.text.main)
    i.fputc                                  0x10000d44   Section        0  fputc.o(i.fputc)
    x$fpl$fpinit                             0x10000d5e   Section       26  fpinit.o(x$fpl$fpinit)
    $v0                                      0x10000d5e   Number         0  fpinit.o(x$fpl$fpinit)
    .constdata                               0x10000d78   Section        4  sys_io_names.o(.constdata)
    .constdata                               0x10000d7c   Section        4  sys_io_names.o(.constdata)
    .constdata                               0x10000d80   Section        4  sys_io_names.o(.constdata)
    .data                                    0x20000000   Section        4  stdio_streams.o(.data)
    .data                                    0x20000004   Section        4  stdio_streams.o(.data)
    .data                                    0x20000008   Section        4  stdio_streams.o(.data)
    __tagsym$$used.0                         0x2000000c   Number         0  system_nrf5340_application.o(.data.SystemCoreClock)
    .bss                                     0x20000010   Section       84  stdio_streams.o(.bss)
    .bss                                     0x20000064   Section       84  stdio_streams.o(.bss)
    .bss                                     0x200000b8   Section       84  stdio_streams.o(.bss)
    .bss                                     0x2000010c   Section       96  libspace.o(.bss)
    STACK                                    0x20000170   Section    16384  arm_startup_nrf5340_application.o(STACK)
    Stack_Mem                                0x20000170   Data       16384  arm_startup_nrf5340_application.o(STACK)
    __initial_sp                             0x20004170   Data           0  arm_startup_nrf5340_application.o(STACK)
    HEAP                                     0x20040000   Section    16384  arm_startup_nrf5340_application.o(HEAP)
    Heap_Mem                                 0x20040000   Data       16384  arm_startup_nrf5340_application.o(HEAP)

    Global Symbols

    Symbol Name                              Value     Ov Type        Size  Object(Section)

    BuildAttributes$$THM_ISAv4$E$P$D$K$B$S$7EM$8M$VFPi5$EXTD16$VFPS$VFMA$PE$A:L22UL41UL21$X:L11$S22US41US21$IEEE1$IW$~IW$USESV6$~STKCKD$USESV7$~SHL$OTIME$ROPI$EBA8$UX$STANDARDLIB$REQ8$PRES8$EABIv2 0x00000000   Number         0  anon$$obj.o ABSOLUTE
    __Vectors                                0x00000000   Data           4  arm_startup_nrf5340_application.o(RESET)
    __ARM_exceptions_init                     - Undefined Weak Reference
    __alloca_initialize                       - Undefined Weak Reference
    __arm_preinit_                            - Undefined Weak Reference
    __cpp_initialize__aeabi_                  - Undefined Weak Reference
    __cxa_finalize                            - Undefined Weak Reference
    __rt_locale                               - Undefined Weak Reference
    __sigvec_lookup                           - Undefined Weak Reference
    __user_heap_extent                        - Undefined Weak Reference
    _atexit_init                              - Undefined Weak Reference
    _call_atexit_fns                          - Undefined Weak Reference
    _clock_init                               - Undefined Weak Reference
    _fp_trap_init                             - Undefined Weak Reference
    _fp_trap_shutdown                         - Undefined Weak Reference
    _get_lc_collate                           - Undefined Weak Reference
    _get_lc_ctype                             - Undefined Weak Reference
    _get_lc_monetary                          - Undefined Weak Reference
    _get_lc_numeric                           - Undefined Weak Reference
    _get_lc_time                              - Undefined Weak Reference
    _getenv_init                              - Undefined Weak Reference
    _handle_redirection                       - Undefined Weak Reference
    _mutex_acquire                            - Undefined Weak Reference
    _mutex_free                               - Undefined Weak Reference
    _mutex_release                            - Undefined Weak Reference
    _rand_init                                - Undefined Weak Reference
    _signal_finish                            - Undefined Weak Reference
    _signal_init                              - Undefined Weak Reference
    __Vectors_End                            0x00000400   Data           0  arm_startup_nrf5340_application.o(RESET)
    __Vectors_Size                           0x00000400   Number         0  arm_startup_nrf5340_application.o ABSOLUTE
    __main                                   0x00000401   Thumb Code     8  __main.o(!!!main)
    __scatterload                            0x00000409   Thumb Code     0  __scatter.o(!!!scatter)
    __scatterload_rt2                        0x00000409   Thumb Code    44  __scatter.o(!!!scatter)
    __scatterload_rt2_thumb_only             0x00000409   Thumb Code     0  __scatter.o(!!!scatter)
    __scatterload_null                       0x00000417   Thumb Code     0  __scatter.o(!!!scatter)
    __scatterload_copy                       0x0000043d   Thumb Code    26  __scatter_copy.o(!!handler_copy)
    __scatterload_zeroinit                   0x00000459   Thumb Code    28  __scatter_zi.o(!!handler_zi)
    Long Thumb to Thumb Veneer to __rt_entry 0x00000475   Thumb Code    10  anon$$obj.o(Veneer$$Code)
    Region$$Table$$Base                      0x00000480   Number         0  anon$$obj.o(Region$$Table)
    Region$$Table$$Limit                     0x000004b0   Number         0  anon$$obj.o(Region$$Table)
    __rt_lib_init                            0x10000001   Thumb Code     0  libinit.o(.ARM.Collect$$libinit$$00000000)
    __rt_lib_init_fp_1                       0x10000003   Thumb Code     0  libinit2.o(.ARM.Collect$$libinit$$00000001)
    __rt_lib_init_heap_2                     0x10000007   Thumb Code     0  libinit2.o(.ARM.Collect$$libinit$$00000005)
    __rt_lib_init_preinit_1                  0x10000007   Thumb Code     0  libinit2.o(.ARM.Collect$$libinit$$00000004)
    __rt_lib_init_atexit_1                   0x1000000f   Thumb Code     0  libinit2.o(.ARM.Collect$$libinit$$0000001B)
    __rt_lib_init_clock_1                    0x1000000f   Thumb Code     0  libinit2.o(.ARM.Collect$$libinit$$00000021)
    __rt_lib_init_fp_trap_1                  0x1000000f   Thumb Code     0  libinit2.o(.ARM.Collect$$libinit$$0000001F)
    __rt_lib_init_getenv_1                   0x1000000f   Thumb Code     0  libinit2.o(.ARM.Collect$$libinit$$00000023)
    __rt_lib_init_heap_1                     0x1000000f   Thumb Code     0  libinit2.o(.ARM.Collect$$libinit$$0000000A)
    __rt_lib_init_lc_collate_1               0x1000000f   Thumb Code     0  libinit2.o(.ARM.Collect$$libinit$$00000011)
    __rt_lib_init_lc_ctype_1                 0x1000000f   Thumb Code     0  libinit2.o(.ARM.Collect$$libinit$$00000013)
    __rt_lib_init_lc_monetary_1              0x1000000f   Thumb Code     0  libinit2.o(.ARM.Collect$$libinit$$00000015)
    __rt_lib_init_lc_numeric_1               0x1000000f   Thumb Code     0  libinit2.o(.ARM.Collect$$libinit$$00000017)
    __rt_lib_init_lc_time_1                  0x1000000f   Thumb Code     0  libinit2.o(.ARM.Collect$$libinit$$00000019)
    __rt_lib_init_rand_1                     0x1000000f   Thumb Code     0  libinit2.o(.ARM.Collect$$libinit$$0000000E)
    __rt_lib_init_signal_1                   0x1000000f   Thumb Code     0  libinit2.o(.ARM.Collect$$libinit$$0000001D)
    __rt_lib_init_stdio_2                    0x1000000f   Thumb Code     0  libinit2.o(.ARM.Collect$$libinit$$00000024)
    __rt_lib_init_user_alloc_1               0x1000000f   Thumb Code     0  libinit2.o(.ARM.Collect$$libinit$$0000000C)
    __rt_lib_init_alloca_1                   0x10000013   Thumb Code     0  libinit2.o(.ARM.Collect$$libinit$$0000002E)
    __rt_lib_init_argv_1                     0x10000013   Thumb Code     0  libinit2.o(.ARM.Collect$$libinit$$0000002C)
    __rt_lib_init_cpp_1                      0x10000013   Thumb Code     0  libinit2.o(.ARM.Collect$$libinit$$00000032)
    __rt_lib_init_exceptions_1               0x10000013   Thumb Code     0  libinit2.o(.ARM.Collect$$libinit$$00000030)
    __rt_lib_init_return                     0x10000013   Thumb Code     0  libinit2.o(.ARM.Collect$$libinit$$00000033)
    __rt_lib_init_stdio_1                    0x10000013   Thumb Code     0  libinit2.o(.ARM.Collect$$libinit$$00000025)
    __rt_lib_shutdown                        0x10000015   Thumb Code     0  libshutdown.o(.ARM.Collect$$libshutdown$$00000000)
    __rt_lib_shutdown_cpp_1                  0x10000017   Thumb Code     0  libshutdown2.o(.ARM.Collect$$libshutdown$$00000002)
    __rt_lib_shutdown_stdio_2                0x10000017   Thumb Code     0  libshutdown2.o(.ARM.Collect$$libshutdown$$00000003)
    __rt_lib_shutdown_fp_trap_1              0x1000001b   Thumb Code     0  libshutdown2.o(.ARM.Collect$$libshutdown$$00000007)
    __rt_lib_shutdown_heap_1                 0x1000001b   Thumb Code     0  libshutdown2.o(.ARM.Collect$$libshutdown$$0000000F)
    __rt_lib_shutdown_return                 0x1000001b   Thumb Code     0  libshutdown2.o(.ARM.Collect$$libshutdown$$00000010)
    __rt_lib_shutdown_signal_1               0x1000001b   Thumb Code     0  libshutdown2.o(.ARM.Collect$$libshutdown$$0000000A)
    __rt_lib_shutdown_stdio_1                0x1000001b   Thumb Code     0  libshutdown2.o(.ARM.Collect$$libshutdown$$00000004)
    __rt_lib_shutdown_user_alloc_1           0x1000001b   Thumb Code     0  libshutdown2.o(.ARM.Collect$$libshutdown$$0000000C)
    __rt_entry                               0x1000001d   Thumb Code     0  __rtentry.o(.ARM.Collect$$rtentry$$00000000)
    __rt_entry_presh_1                       0x1000001d   Thumb Code     0  __rtentry2.o(.ARM.Collect$$rtentry$$00000002)
    __rt_entry_sh                            0x1000001d   Thumb Code     0  __rtentry4.o(.ARM.Collect$$rtentry$$00000004)
    __rt_entry_li                            0x10000023   Thumb Code     0  __rtentry2.o(.ARM.Collect$$rtentry$$0000000A)
    __rt_entry_postsh_1                      0x10000023   Thumb Code     0  __rtentry2.o(.ARM.Collect$$rtentry$$00000009)
    __rt_entry_main                          0x10000027   Thumb Code     0  __rtentry2.o(.ARM.Collect$$rtentry$$0000000D)
    __rt_entry_postli_1                      0x10000027   Thumb Code     0  __rtentry2.o(.ARM.Collect$$rtentry$$0000000C)
    __rt_exit                                0x1000002f   Thumb Code     0  rtexit.o(.ARM.Collect$$rtexit$$00000000)
    __rt_exit_ls                             0x10000031   Thumb Code     0  rtexit2.o(.ARM.Collect$$rtexit$$00000003)
    __rt_exit_prels_1                        0x10000031   Thumb Code     0  rtexit2.o(.ARM.Collect$$rtexit$$00000002)
    __rt_exit_exit                           0x10000035   Thumb Code     0  rtexit2.o(.ARM.Collect$$rtexit$$00000004)
    Reset_Handler                            0x1000003d   Thumb Code     8  arm_startup_nrf5340_application.o(.text)
    NMI_Handler                              0x10000045   Thumb Code     2  arm_startup_nrf5340_application.o(.text)
    HardFault_Handler                        0x10000047   Thumb Code     2  arm_startup_nrf5340_application.o(.text)
    MemoryManagement_Handler                 0x10000049   Thumb Code     2  arm_startup_nrf5340_application.o(.text)
    BusFault_Handler                         0x1000004b   Thumb Code     2  arm_startup_nrf5340_application.o(.text)
    UsageFault_Handler                       0x1000004d   Thumb Code     2  arm_startup_nrf5340_application.o(.text)
    SecureFault_Handler                      0x1000004f   Thumb Code     2  arm_startup_nrf5340_application.o(.text)
    SVC_Handler                              0x10000051   Thumb Code     2  arm_startup_nrf5340_application.o(.text)
    DebugMon_Handler                         0x10000053   Thumb Code     2  arm_startup_nrf5340_application.o(.text)
    PendSV_Handler                           0x10000055   Thumb Code     2  arm_startup_nrf5340_application.o(.text)
    SysTick_Handler                          0x10000057   Thumb Code     2  arm_startup_nrf5340_application.o(.text)
    CACHE_IRQHandler                         0x10000059   Thumb Code     0  arm_startup_nrf5340_application.o(.text)
    CLOCK_POWER_IRQHandler                   0x10000059   Thumb Code     0  arm_startup_nrf5340_application.o(.text)
    COMP_LPCOMP_IRQHandler                   0x10000059   Thumb Code     0  arm_startup_nrf5340_application.o(.text)
    CRYPTOCELL_IRQHandler                    0x10000059   Thumb Code     0  arm_startup_nrf5340_application.o(.text)
    EGU0_IRQHandler                          0x10000059   Thumb Code     0  arm_startup_nrf5340_application.o(.text)
    EGU1_IRQHandler                          0x10000059   Thumb Code     0  arm_startup_nrf5340_application.o(.text)
    EGU2_IRQHandler                          0x10000059   Thumb Code     0  arm_startup_nrf5340_application.o(.text)
    EGU3_IRQHandler                          0x10000059   Thumb Code     0  arm_startup_nrf5340_application.o(.text)
    EGU4_IRQHandler                          0x10000059   Thumb Code     0  arm_startup_nrf5340_application.o(.text)
    EGU5_IRQHandler                          0x10000059   Thumb Code     0  arm_startup_nrf5340_application.o(.text)
    FPU_IRQHandler                           0x10000059   Thumb Code     0  arm_startup_nrf5340_application.o(.text)
    GPIOTE0_IRQHandler                       0x10000059   Thumb Code     0  arm_startup_nrf5340_application.o(.text)
    GPIOTE1_IRQHandler                       0x10000059   Thumb Code     0  arm_startup_nrf5340_application.o(.text)
    I2S0_IRQHandler                          0x10000059   Thumb Code     0  arm_startup_nrf5340_application.o(.text)
    IPC_IRQHandler                           0x10000059   Thumb Code     0  arm_startup_nrf5340_application.o(.text)
    KMU_IRQHandler                           0x10000059   Thumb Code     0  arm_startup_nrf5340_application.o(.text)
    NFCT_IRQHandler                          0x10000059   Thumb Code     0  arm_startup_nrf5340_application.o(.text)
    PDM0_IRQHandler                          0x10000059   Thumb Code     0  arm_startup_nrf5340_application.o(.text)
    PWM0_IRQHandler                          0x10000059   Thumb Code     0  arm_startup_nrf5340_application.o(.text)
    PWM1_IRQHandler                          0x10000059   Thumb Code     0  arm_startup_nrf5340_application.o(.text)
    PWM2_IRQHandler                          0x10000059   Thumb Code     0  arm_startup_nrf5340_application.o(.text)
    PWM3_IRQHandler                          0x10000059   Thumb Code     0  arm_startup_nrf5340_application.o(.text)
    QDEC0_IRQHandler                         0x10000059   Thumb Code     0  arm_startup_nrf5340_application.o(.text)
    QDEC1_IRQHandler                         0x10000059   Thumb Code     0  arm_startup_nrf5340_application.o(.text)
    QSPI_IRQHandler                          0x10000059   Thumb Code     0  arm_startup_nrf5340_application.o(.text)
    RTC0_IRQHandler                          0x10000059   Thumb Code     0  arm_startup_nrf5340_application.o(.text)
    RTC1_IRQHandler                          0x10000059   Thumb Code     0  arm_startup_nrf5340_application.o(.text)
    SAADC_IRQHandler                         0x10000059   Thumb Code     0  arm_startup_nrf5340_application.o(.text)
    SERIAL0_IRQHandler                       0x10000059   Thumb Code     0  arm_startup_nrf5340_application.o(.text)
    SERIAL1_IRQHandler                       0x10000059   Thumb Code     0  arm_startup_nrf5340_application.o(.text)
    SERIAL2_IRQHandler                       0x10000059   Thumb Code     0  arm_startup_nrf5340_application.o(.text)
    SERIAL3_IRQHandler                       0x10000059   Thumb Code     0  arm_startup_nrf5340_application.o(.text)
    SPIM4_IRQHandler                         0x10000059   Thumb Code     0  arm_startup_nrf5340_application.o(.text)
    SPU_IRQHandler                           0x10000059   Thumb Code     0  arm_startup_nrf5340_application.o(.text)
    TIMER0_IRQHandler                        0x10000059   Thumb Code     0  arm_startup_nrf5340_application.o(.text)
    TIMER1_IRQHandler                        0x10000059   Thumb Code     0  arm_startup_nrf5340_application.o(.text)
    TIMER2_IRQHandler                        0x10000059   Thumb Code     0  arm_startup_nrf5340_application.o(.text)
    USBD_IRQHandler                          0x10000059   Thumb Code     0  arm_startup_nrf5340_application.o(.text)
    USBREGULATOR_IRQHandler                  0x10000059   Thumb Code     0  arm_startup_nrf5340_application.o(.text)
    WDT0_IRQHandler                          0x10000059   Thumb Code     0  arm_startup_nrf5340_application.o(.text)
    WDT1_IRQHandler                          0x10000059   Thumb Code     0  arm_startup_nrf5340_application.o(.text)
    __user_initial_stackheap                 0x1000005d   Thumb Code    10  arm_startup_nrf5340_application.o(.text)
    __2printf                                0x10000081   Thumb Code    20  noretval__2printf.o(.text)
    __use_two_region_memory                  0x10000099   Thumb Code     2  heapauxi.o(.text)
    __rt_heap_escrow                         0x1000009b   Thumb Code     2  heapauxi.o(.text)
    __rt_heap_expand                         0x1000009d   Thumb Code     2  heapauxi.o(.text)
    _printf_char_file                        0x100000a1   Thumb Code    32  _printf_char_file.o(.text)
    _printf_char_common                      0x100000cf   Thumb Code    32  _printf_char_common.o(.text)
    ferror                                   0x100000f5   Thumb Code     8  ferror.o(.text)
    _initio                                  0x100000fd   Thumb Code   210  initio.o(.text)
    _terminateio                             0x100001cf   Thumb Code    56  initio.o(.text)
    __user_setup_stackheap                   0x10000235   Thumb Code    74  sys_stackheap_outer.o(.text)
    free                                     0x1000027f   Thumb Code    78  h1_free.o(.text)
    __printf                                 0x100002cd   Thumb Code    40  __printf_nopercent.o(.text)
    __flsbuf                                 0x100002f5   Thumb Code   470  flsbuf.o(.text)
    __flsbuf_byte                            0x100002f5   Thumb Code     0  flsbuf.o(.text)
    __flsbuf_wide                            0x100002f5   Thumb Code     0  flsbuf.o(.text)
    setvbuf                                  0x100004cb   Thumb Code    70  setvbuf.o(.text)
    freopen                                  0x10000511   Thumb Code   158  fopen.o(.text)
    fopen                                    0x100005af   Thumb Code    74  fopen.o(.text)
    _fclose_internal                         0x100005fd   Thumb Code    76  fclose.o(.text)
    fclose                                   0x100005fd   Thumb Code     0  fclose.o(.text)
    exit                                     0x10000649   Thumb Code    18  exit.o(.text)
    __rt_SIGRTRED                            0x1000065b   Thumb Code    14  defsig_rtred_outer.o(.text)
    __aeabi_memclr4                          0x10000669   Thumb Code     0  rt_memclr_w.o(.text)
    __aeabi_memclr8                          0x10000669   Thumb Code     0  rt_memclr_w.o(.text)
    __rt_memclr_w                            0x10000669   Thumb Code    78  rt_memclr_w.o(.text)
    _memset_w                                0x1000066d   Thumb Code     0  rt_memclr_w.o(.text)
    _sys_open                                0x100006b7   Thumb Code    20  sys_io.o(.text)
    _sys_close                               0x100006cb   Thumb Code    12  sys_io.o(.text)
    _sys_write                               0x100006d7   Thumb Code    16  sys_io.o(.text)
    _sys_read                                0x100006e7   Thumb Code    14  sys_io.o(.text)
    _sys_istty                               0x100006f5   Thumb Code    12  sys_io.o(.text)
    _sys_seek                                0x10000701   Thumb Code    14  sys_io.o(.text)
    _sys_ensure                              0x1000070f   Thumb Code     2  sys_io.o(.text)
    _sys_flen                                0x10000711   Thumb Code    12  sys_io.o(.text)
    __user_libspace                          0x1000071d   Thumb Code     8  libspace.o(.text)
    __user_perproc_libspace                  0x1000071d   Thumb Code     0  libspace.o(.text)
    __user_perthread_libspace                0x1000071d   Thumb Code     0  libspace.o(.text)
    __rt_heap_descriptor                     0x10000725   Thumb Code     8  rt_heap_descriptor_intlibspace.o(.text)
    __use_no_heap                            0x1000072d   Thumb Code     2  hguard.o(.text)
    __heap$guard                             0x1000072f   Thumb Code     2  hguard.o(.text)
    _terminate_user_alloc                    0x10000731   Thumb Code     2  init_alloc.o(.text)
    _init_user_alloc                         0x10000733   Thumb Code     2  init_alloc.o(.text)
    __Heap_Full                              0x10000735   Thumb Code    34  init_alloc.o(.text)
    __Heap_Broken                            0x10000757   Thumb Code     6  init_alloc.o(.text)
    _init_alloc                              0x1000075d   Thumb Code    94  init_alloc.o(.text)
    malloc                                   0x100007bb   Thumb Code    94  h1_alloc.o(.text)
    _fseek                                   0x10000819   Thumb Code   242  fseek.o(.text)
    fseek                                    0x10000819   Thumb Code     0  fseek.o(.text)
    _seterr                                  0x10000911   Thumb Code    20  stdio.o(.text)
    _writebuf                                0x10000925   Thumb Code    84  stdio.o(.text)
    _fflush                                  0x10000979   Thumb Code    70  stdio.o(.text)
    _deferredlazyseek                        0x100009bf   Thumb Code    60  stdio.o(.text)
    __sig_exit                               0x10000a01   Thumb Code    10  defsig_exit.o(.text)
    __rt_SIGRTRED_inner                      0x10000a0d   Thumb Code    14  defsig_rtred_inner.o(.text)
    _sys_exit                                0x10000a41   Thumb Code     8  sys_exit.o(.text)
    __I$use$semihosting                      0x10000a4d   Thumb Code     0  use_no_semi.o(.text)
    __use_no_semihosting_swi                 0x10000a4d   Thumb Code     2  use_no_semi.o(.text)
    __Heap_Initialize                        0x10000a4f   Thumb Code    10  h1_init.o(.text)
    __semihosting_library_function           0x10000a4f   Thumb Code     0  indicate_semi.o(.text)
    _maybe_terminate_alloc                   0x10000a4f   Thumb Code     0  maybetermalloc1.o(.text)
    __Heap_DescSize                          0x10000a59   Thumb Code     4  h1_init.o(.text)
    __Heap_ProvideMemory                     0x10000a5d   Thumb Code    52  h1_extend.o(.text)
    _ftell_internal                          0x10000a91   Thumb Code    66  ftell.o(.text)
    ftell                                    0x10000a91   Thumb Code     0  ftell.o(.text)
    __default_signal_display                 0x10000ad3   Thumb Code    50  defsig_general.o(.text)
    __rt_SIGRTMEM                            0x10000b05   Thumb Code    14  defsig_rtmem_outer.o(.text)
    strlen                                   0x10000b13   Thumb Code    62  strlen.o(.text)
    _ttywrch                                 0x10000b51   Thumb Code    14  sys_wrch.o(.text)
    __aeabi_errno_addr                       0x10000b61   Thumb Code     8  rt_errno_addr_intlibspace.o(.text)
    __errno$intlibspace                      0x10000b61   Thumb Code     0  rt_errno_addr_intlibspace.o(.text)
    __rt_errno_addr$intlibspace              0x10000b61   Thumb Code     0  rt_errno_addr_intlibspace.o(.text)
    __rt_SIGRTMEM_inner                      0x10000b69   Thumb Code    22  defsig_rtmem_inner.o(.text)
    SystemInit                               0x10000bb9   Thumb Code   328  system_nrf5340_application.o(.text.SystemInit)
    SystemStoreFICRNS                        0x10000d01   Thumb Code    44  system_nrf5340_application.o(.text.SystemStoreFICRNS)
    main                                     0x10000d2d   Thumb Code    24  main.o(.text.main)
    fputc                                    0x10000d45   Thumb Code    26  fputc.o(i.fputc)
    _fp_init                                 0x10000d5f   Thumb Code    26  fpinit.o(x$fpl$fpinit)
    __fplib_config_fpu_vfp                   0x10000d77   Thumb Code     0  fpinit.o(x$fpl$fpinit)
    __fplib_config_pureend_doubles           0x10000d77   Thumb Code     0  fpinit.o(x$fpl$fpinit)
    __stdin_name                             0x10000d78   Data           4  sys_io_names.o(.constdata)
    __stdout_name                            0x10000d7c   Data           4  sys_io_names.o(.constdata)
    __stderr_name                            0x10000d80   Data           4  sys_io_names.o(.constdata)
    __aeabi_stdin                            0x20000000   Data           4  stdio_streams.o(.data)
    __aeabi_stdout                           0x20000004   Data           4  stdio_streams.o(.data)
    __aeabi_stderr                           0x20000008   Data           4  stdio_streams.o(.data)
    SystemCoreClock                          0x2000000c   Data           4  system_nrf5340_application.o(.data.SystemCoreClock)
    __stdin                                  0x20000010   Data          84  stdio_streams.o(.bss)
    __stdout                                 0x20000064   Data          84  stdio_streams.o(.bss)
    __stderr                                 0x200000b8   Data          84  stdio_streams.o(.bss)
    __libspace_start                         0x2000010c   Data          96  libspace.o(.bss)
    __temporary_stack_top$libspace           0x2000016c   Data           0  libspace.o(.bss)



==============================================================================

Memory Map of the image

  Image Entry point : 0x00000401

  Load Region LR_IROM1 (Base: 0x00000000, Size: 0x000004c0, Max: 0x00100000, ABSOLUTE)

    Execution Region ER_IROM1 (Exec base: 0x00000000, Load base: 0x00000000, Size: 0x000004b0, Max: 0x00100000, ABSOLUTE)

    Exec Addr    Load Addr    Size         Type   Attr      Idx    E Section Name        Object

    0x00000000   0x00000000   0x00000400   Data   RO           16    RESET               arm_startup_nrf5340_application.o
    0x00000400   0x00000400   0x00000008   Code   RO           51  * !!!main             c_w.l(__main.o)
    0x00000408   0x00000408   0x00000034   Code   RO          407    !!!scatter          c_w.l(__scatter.o)
    0x0000043c   0x0000043c   0x0000001a   Code   RO          409    !!handler_copy      c_w.l(__scatter_copy.o)
    0x00000456   0x00000456   0x00000002   PAD
    0x00000458   0x00000458   0x0000001c   Code   RO          411    !!handler_zi        c_w.l(__scatter_zi.o)
    0x00000474   0x00000474   0x0000000a   Ven    RO          413    Veneer$$Code        anon$$obj.o
    0x0000047e   0x0000047e   0x00000002   PAD
    0x00000480   0x00000480   0x00000030   Data   RO          405    Region$$Table       anon$$obj.o


    Execution Region RW_IRAM1 (Exec base: 0x20000000, Load base: 0x000004b0, Size: 0x00004170, Max: 0x00040000, ABSOLUTE)

    Exec Addr    Load Addr    Size         Type   Attr      Idx    E Section Name        Object

    0x20000000   0x000004b0   0x00000004   Data   RW           59    .data               c_w.l(stdio_streams.o)
    0x20000004   0x000004b4   0x00000004   Data   RW           60    .data               c_w.l(stdio_streams.o)
    0x20000008   0x000004b8   0x00000004   Data   RW           61    .data               c_w.l(stdio_streams.o)
    0x2000000c   0x000004bc   0x00000004   Data   RW           32    .data.SystemCoreClock  system_nrf5340_application.o
    0x20000010        -       0x00000054   Zero   RW           56    .bss                c_w.l(stdio_streams.o)
    0x20000064        -       0x00000054   Zero   RW           57    .bss                c_w.l(stdio_streams.o)
    0x200000b8        -       0x00000054   Zero   RW           58    .bss                c_w.l(stdio_streams.o)
    0x2000010c        -       0x00000060   Zero   RW          253    .bss                c_w.l(libspace.o)
    0x2000016c   0x000004c0   0x00000004   PAD
    0x20000170        -       0x00004000   Zero   RW           14    STACK               arm_startup_nrf5340_application.o


    Execution Region RW_IRAM2 (Exec base: 0x20040000, Load base: 0x000004c0, Size: 0x00004000, Max: 0x0003f000, ABSOLUTE)

    Exec Addr    Load Addr    Size         Type   Attr      Idx    E Section Name        Object

    0x20040000        -       0x00004000   Zero   RW           15    HEAP                arm_startup_nrf5340_application.o



  Load Region LR_IROM2 (Base: 0x10000000, Size: 0x00000d84, Max: 0x08000000, ABSOLUTE)

    Execution Region ER_IROM2 (Exec base: 0x10000000, Load base: 0x10000000, Size: 0x00000d84, Max: 0x08000000, ABSOLUTE)

    Exec Addr    Load Addr    Size         Type   Attr      Idx    E Section Name        Object

    0x10000000   0x10000000   0x00000002   Code   RO          184    .ARM.Collect$$libinit$$00000000  c_w.l(libinit.o)
    0x10000002   0x10000002   0x00000004   Code   RO          185    .ARM.Collect$$libinit$$00000001  c_w.l(libinit2.o)
    0x10000006   0x10000006   0x00000000   Code   RO          188    .ARM.Collect$$libinit$$00000004  c_w.l(libinit2.o)
    0x10000006   0x10000006   0x00000008   Code   RO          189    .ARM.Collect$$libinit$$00000005  c_w.l(libinit2.o)
    0x1000000e   0x1000000e   0x00000000   Code   RO          191    .ARM.Collect$$libinit$$0000000A  c_w.l(libinit2.o)
    0x1000000e   0x1000000e   0x00000000   Code   RO          193    .ARM.Collect$$libinit$$0000000C  c_w.l(libinit2.o)
    0x1000000e   0x1000000e   0x00000000   Code   RO          195    .ARM.Collect$$libinit$$0000000E  c_w.l(libinit2.o)
    0x1000000e   0x1000000e   0x00000000   Code   RO          198    .ARM.Collect$$libinit$$00000011  c_w.l(libinit2.o)
    0x1000000e   0x1000000e   0x00000000   Code   RO          200    .ARM.Collect$$libinit$$00000013  c_w.l(libinit2.o)
    0x1000000e   0x1000000e   0x00000000   Code   RO          202    .ARM.Collect$$libinit$$00000015  c_w.l(libinit2.o)
    0x1000000e   0x1000000e   0x00000000   Code   RO          204    .ARM.Collect$$libinit$$00000017  c_w.l(libinit2.o)
    0x1000000e   0x1000000e   0x00000000   Code   RO          206    .ARM.Collect$$libinit$$00000019  c_w.l(libinit2.o)
    0x1000000e   0x1000000e   0x00000000   Code   RO          208    .ARM.Collect$$libinit$$0000001B  c_w.l(libinit2.o)
    0x1000000e   0x1000000e   0x00000000   Code   RO          210    .ARM.Collect$$libinit$$0000001D  c_w.l(libinit2.o)
    0x1000000e   0x1000000e   0x00000000   Code   RO          212    .ARM.Collect$$libinit$$0000001F  c_w.l(libinit2.o)
    0x1000000e   0x1000000e   0x00000000   Code   RO          214    .ARM.Collect$$libinit$$00000021  c_w.l(libinit2.o)
    0x1000000e   0x1000000e   0x00000000   Code   RO          216    .ARM.Collect$$libinit$$00000023  c_w.l(libinit2.o)
    0x1000000e   0x1000000e   0x00000004   Code   RO          217    .ARM.Collect$$libinit$$00000024  c_w.l(libinit2.o)
    0x10000012   0x10000012   0x00000000   Code   RO          218    .ARM.Collect$$libinit$$00000025  c_w.l(libinit2.o)
    0x10000012   0x10000012   0x00000000   Code   RO          222    .ARM.Collect$$libinit$$0000002C  c_w.l(libinit2.o)
    0x10000012   0x10000012   0x00000000   Code   RO          224    .ARM.Collect$$libinit$$0000002E  c_w.l(libinit2.o)
    0x10000012   0x10000012   0x00000000   Code   RO          226    .ARM.Collect$$libinit$$00000030  c_w.l(libinit2.o)
    0x10000012   0x10000012   0x00000000   Code   RO          228    .ARM.Collect$$libinit$$00000032  c_w.l(libinit2.o)
    0x10000012   0x10000012   0x00000002   Code   RO          229    .ARM.Collect$$libinit$$00000033  c_w.l(libinit2.o)
    0x10000014   0x10000014   0x00000002   Code   RO          386    .ARM.Collect$$libshutdown$$00000000  c_w.l(libshutdown.o)
    0x10000016   0x10000016   0x00000000   Code   RO          231    .ARM.Collect$$libshutdown$$00000002  c_w.l(libshutdown2.o)
    0x10000016   0x10000016   0x00000004   Code   RO          232    .ARM.Collect$$libshutdown$$00000003  c_w.l(libshutdown2.o)
    0x1000001a   0x1000001a   0x00000000   Code   RO          233    .ARM.Collect$$libshutdown$$00000004  c_w.l(libshutdown2.o)
    0x1000001a   0x1000001a   0x00000000   Code   RO          236    .ARM.Collect$$libshutdown$$00000007  c_w.l(libshutdown2.o)
    0x1000001a   0x1000001a   0x00000000   Code   RO          239    .ARM.Collect$$libshutdown$$0000000A  c_w.l(libshutdown2.o)
    0x1000001a   0x1000001a   0x00000000   Code   RO          241    .ARM.Collect$$libshutdown$$0000000C  c_w.l(libshutdown2.o)
    0x1000001a   0x1000001a   0x00000000   Code   RO          244    .ARM.Collect$$libshutdown$$0000000F  c_w.l(libshutdown2.o)
    0x1000001a   0x1000001a   0x00000002   Code   RO          245    .ARM.Collect$$libshutdown$$00000010  c_w.l(libshutdown2.o)
    0x1000001c   0x1000001c   0x00000000   Code   RO           53    .ARM.Collect$$rtentry$$00000000  c_w.l(__rtentry.o)
    0x1000001c   0x1000001c   0x00000000   Code   RO           63    .ARM.Collect$$rtentry$$00000002  c_w.l(__rtentry2.o)
    0x1000001c   0x1000001c   0x00000006   Code   RO           75    .ARM.Collect$$rtentry$$00000004  c_w.l(__rtentry4.o)
    0x10000022   0x10000022   0x00000000   Code   RO           65    .ARM.Collect$$rtentry$$00000009  c_w.l(__rtentry2.o)
    0x10000022   0x10000022   0x00000004   Code   RO           66    .ARM.Collect$$rtentry$$0000000A  c_w.l(__rtentry2.o)
    0x10000026   0x10000026   0x00000000   Code   RO           68    .ARM.Collect$$rtentry$$0000000C  c_w.l(__rtentry2.o)
    0x10000026   0x10000026   0x00000008   Code   RO           69    .ARM.Collect$$rtentry$$0000000D  c_w.l(__rtentry2.o)
    0x1000002e   0x1000002e   0x00000002   Code   RO          255    .ARM.Collect$$rtexit$$00000000  c_w.l(rtexit.o)
    0x10000030   0x10000030   0x00000000   Code   RO          316    .ARM.Collect$$rtexit$$00000002  c_w.l(rtexit2.o)
    0x10000030   0x10000030   0x00000004   Code   RO          317    .ARM.Collect$$rtexit$$00000003  c_w.l(rtexit2.o)
    0x10000034   0x10000034   0x00000006   Code   RO          318    .ARM.Collect$$rtexit$$00000004  c_w.l(rtexit2.o)
    0x1000003a   0x1000003a   0x00000002   PAD
    0x1000003c   0x1000003c   0x00000044   Code   RO           17    .text               arm_startup_nrf5340_application.o
    0x10000080   0x10000080   0x00000018   Code   RO           47    .text               c_w.l(noretval__2printf.o)
    0x10000098   0x10000098   0x00000006   Code   RO           49    .text               c_w.l(heapauxi.o)
    0x1000009e   0x1000009e   0x00000002   PAD
    0x100000a0   0x100000a0   0x00000024   Code   RO           54    .text               c_w.l(_printf_char_file.o)
    0x100000c4   0x100000c4   0x00000030   Code   RO           77    .text               c_w.l(_printf_char_common.o)
    0x100000f4   0x100000f4   0x00000008   Code   RO           79    .text               c_w.l(ferror.o)
    0x100000fc   0x100000fc   0x00000138   Code   RO           85    .text               c_w.l(initio.o)
    0x10000234   0x10000234   0x0000004a   Code   RO           98    .text               c_w.l(sys_stackheap_outer.o)
    0x1000027e   0x1000027e   0x0000004e   Code   RO          102    .text               c_w.l(h1_free.o)
    0x100002cc   0x100002cc   0x00000028   Code   RO          156    .text               c_w.l(__printf_nopercent.o)
    0x100002f4   0x100002f4   0x000001d6   Code   RO          158    .text               c_w.l(flsbuf.o)
    0x100004ca   0x100004ca   0x00000046   Code   RO          160    .text               c_w.l(setvbuf.o)
    0x10000510   0x10000510   0x000000ec   Code   RO          163    .text               c_w.l(fopen.o)
    0x100005fc   0x100005fc   0x0000004c   Code   RO          165    .text               c_w.l(fclose.o)
    0x10000648   0x10000648   0x00000012   Code   RO          171    .text               c_w.l(exit.o)
    0x1000065a   0x1000065a   0x0000000e   Code   RO          173    .text               c_w.l(defsig_rtred_outer.o)
    0x10000668   0x10000668   0x0000004e   Code   RO          177    .text               c_w.l(rt_memclr_w.o)
    0x100006b6   0x100006b6   0x00000066   Code   RO          248    .text               c_w.l(sys_io.o)
    0x1000071c   0x1000071c   0x00000008   Code   RO          252    .text               c_w.l(libspace.o)
    0x10000724   0x10000724   0x00000008   Code   RO          262    .text               c_w.l(rt_heap_descriptor_intlibspace.o)
    0x1000072c   0x1000072c   0x00000004   Code   RO          264    .text               c_w.l(hguard.o)
    0x10000730   0x10000730   0x0000008a   Code   RO          266    .text               c_w.l(init_alloc.o)
    0x100007ba   0x100007ba   0x0000005e   Code   RO          272    .text               c_w.l(h1_alloc.o)
    0x10000818   0x10000818   0x000000f8   Code   RO          288    .text               c_w.l(fseek.o)
    0x10000910   0x10000910   0x000000f0   Code   RO          290    .text               c_w.l(stdio.o)
    0x10000a00   0x10000a00   0x0000000a   Code   RO          296    .text               c_w.l(defsig_exit.o)
    0x10000a0a   0x10000a0a   0x00000002   PAD
    0x10000a0c   0x10000a0c   0x00000034   Code   RO          298    .text               c_w.l(defsig_rtred_inner.o)
    0x10000a40   0x10000a40   0x0000000c   Code   RO          308    .text               c_w.l(sys_exit.o)
    0x10000a4c   0x10000a4c   0x00000002   Code   RO          312    .text               c_w.l(use_no_semi.o)
    0x10000a4e   0x10000a4e   0x00000000   Code   RO          314    .text               c_w.l(indicate_semi.o)
    0x10000a4e   0x10000a4e   0x00000000   Code   RO          322    .text               c_w.l(maybetermalloc1.o)
    0x10000a4e   0x10000a4e   0x0000000e   Code   RO          324    .text               c_w.l(h1_init.o)
    0x10000a5c   0x10000a5c   0x00000034   Code   RO          326    .text               c_w.l(h1_extend.o)
    0x10000a90   0x10000a90   0x00000042   Code   RO          336    .text               c_w.l(ftell.o)
    0x10000ad2   0x10000ad2   0x00000032   Code   RO          344    .text               c_w.l(defsig_general.o)
    0x10000b04   0x10000b04   0x0000000e   Code   RO          346    .text               c_w.l(defsig_rtmem_outer.o)
    0x10000b12   0x10000b12   0x0000003e   Code   RO          350    .text               c_w.l(strlen.o)
    0x10000b50   0x10000b50   0x0000000e   Code   RO          363    .text               c_w.l(sys_wrch.o)
    0x10000b5e   0x10000b5e   0x00000002   PAD
    0x10000b60   0x10000b60   0x00000008   Code   RO          374    .text               c_w.l(rt_errno_addr_intlibspace.o)
    0x10000b68   0x10000b68   0x00000050   Code   RO          380    .text               c_w.l(defsig_rtmem_inner.o)
    0x10000bb8   0x10000bb8   0x00000148   Code   RO           26    .text.SystemInit    system_nrf5340_application.o
    0x10000d00   0x10000d00   0x0000002c   Code   RO           28    .text.SystemStoreFICRNS  system_nrf5340_application.o
    0x10000d2c   0x10000d2c   0x00000018   Code   RO            2    .text.main          main.o
    0x10000d44   0x10000d44   0x0000001a   Code   RO           82    i.fputc             c_w.l(fputc.o)
    0x10000d5e   0x10000d5e   0x0000001a   Code   RO          306    x$fpl$fpinit        fz_wm.l(fpinit.o)
    0x10000d78   0x10000d78   0x00000004   Data   RO           93    .constdata          c_w.l(sys_io_names.o)
    0x10000d7c   0x10000d7c   0x00000004   Data   RO           94    .constdata          c_w.l(sys_io_names.o)
    0x10000d80   0x10000d80   0x00000004   Data   RO           95    .constdata          c_w.l(sys_io_names.o)


==============================================================================

Image component sizes


      Code (inc. data)   RO Data    RW Data    ZI Data      Debug   Object Name

        68         28       1024          0      32768       1032   arm_startup_nrf5340_application.o
        24         12          0          0          0        388   main.o
       372         60          0          4          0      11449   system_nrf5340_application.o

    ----------------------------------------------------------------------
       476        100       1072          4      32768      12869   Object Totals
        10          0         48          0          0          0   (incl. Generated)
         2          0          0          0          0          0   (incl. Padding)

    ----------------------------------------------------------------------

      Code (inc. data)   RO Data    RW Data    ZI Data      Debug   Library Member Name

         8          0          0          0          0         68   __main.o
        40          0          0          0          0         84   __printf_nopercent.o
         0          0          0          0          0          0   __rtentry.o
        12          0          0          0          0          0   __rtentry2.o
         6          0          0          0          0          0   __rtentry4.o
        52          8          0          0          0          0   __scatter.o
        26          0          0          0          0          0   __scatter_copy.o
        28          0          0          0          0          0   __scatter_zi.o
        48          6          0          0          0         96   _printf_char_common.o
        36          4          0          0          0         80   _printf_char_file.o
        10          0          0          0          0         68   defsig_exit.o
        50          0          0          0          0         88   defsig_general.o
        80         58          0          0          0         76   defsig_rtmem_inner.o
        14          0          0          0          0         80   defsig_rtmem_outer.o
        52         38          0          0          0         76   defsig_rtred_inner.o
        14          0          0          0          0         80   defsig_rtred_outer.o
        18          0          0          0          0         80   exit.o
        76          0          0          0          0         88   fclose.o
         8          0          0          0          0         68   ferror.o
       470          0          0          0          0         88   flsbuf.o
       236          4          0          0          0        128   fopen.o
        26          0          0          0          0         68   fputc.o
       248          6          0          0          0         84   fseek.o
        66          0          0          0          0         76   ftell.o
        94          0          0          0          0         80   h1_alloc.o
        52          0          0          0          0         68   h1_extend.o
        78          0          0          0          0         80   h1_free.o
        14          0          0          0          0         84   h1_init.o
         6          0          0          0          0        152   heapauxi.o
         4          0          0          0          0        136   hguard.o
         0          0          0          0          0          0   indicate_semi.o
       138          0          0          0          0        168   init_alloc.o
       312         46          0          0          0        112   initio.o
         2          0          0          0          0          0   libinit.o
        18          0          0          0          0          0   libinit2.o
         2          0          0          0          0          0   libshutdown.o
         6          0          0          0          0          0   libshutdown2.o
         8          4          0          0         96         68   libspace.o
         0          0          0          0          0          0   maybetermalloc1.o
        24          4          0          0          0         84   noretval__2printf.o
         8          4          0          0          0         68   rt_errno_addr_intlibspace.o
         8          4          0          0          0         68   rt_heap_descriptor_intlibspace.o
        78          0          0          0          0         80   rt_memclr_w.o
         2          0          0          0          0          0   rtexit.o
        10          0          0          0          0          0   rtexit2.o
        70          0          0          0          0         80   setvbuf.o
       240          6          0          0          0        156   stdio.o
         0          0          0         12        252          0   stdio_streams.o
        62          0          0          0          0         76   strlen.o
        12          4          0          0          0         68   sys_exit.o
       102          0          0          0          0        240   sys_io.o
         0          0         12          0          0          0   sys_io_names.o
        74          0          0          0          0         80   sys_stackheap_outer.o
        14          0          0          0          0         76   sys_wrch.o
         2          0          0          0          0         68   use_no_semi.o
        26          0          0          0          0        116   fpinit.o

    ----------------------------------------------------------------------
      3100        196         12         12        352       3684   Library Totals
        10          0          0          0          4          0   (incl. Padding)

    ----------------------------------------------------------------------

      Code (inc. data)   RO Data    RW Data    ZI Data      Debug   Library Name

      3064        196         12         12        348       3568   c_w.l
        26          0          0          0          0        116   fz_wm.l

    ----------------------------------------------------------------------
      3100        196         12         12        352       3684   Library Totals

    ----------------------------------------------------------------------

==============================================================================


      Code (inc. data)   RO Data    RW Data    ZI Data      Debug   

      3576        296       1084         16      33120      14665   Grand Totals
      3576        296       1084         16      33120      14665   ELF Image Totals
      3576        296       1084         16          0          0   ROM Totals

==============================================================================

    Total RO  Size (Code + RO Data)                 4660 (   4.55kB)
    Total RW  Size (RW Data + ZI Data)             33136 (  32.36kB)
    Total ROM Size (Code + RO Data + RW Data)       4676 (   4.57kB)

==============================================================================

